-- These tests make sure that we ignore the common spec fields/actions that are not implemented for various commands
SET search_path TO documentdb_api,documentdb_core,documentdb_api_catalog;
SET documentdb.next_collection_id TO 1600;
SET documentdb.next_collection_index_id TO 1600;
-- create index tests
SELECT documentdb_api_internal.create_indexes_non_concurrently('db',
    '{
        "createIndexes": "ignoreCommonSpec",
        "indexes": [
            {
                "key": {"$**": 1}, "name": "idx_1",
                "wildcardProjection": {"a.b": 1, "a.b": {"c.d": 1}}
            }
        ],
		"commitQuorum" : 100,
		"writeConcern": { "w": "majority", "wtimeout": 5000 },
		"apiVersion": 1,
		"$db" : "tetsts",
		"db": "test2"
    }'
);
NOTICE:  creating collection
                                                                                                   create_indexes_non_concurrently                                                                                                   
-------------------------------------------------------------------------------------------------------------------------------------------------------------------------------------------------------------------------------------
 { "raw" : { "defaultShard" : { "numIndexesBefore" : { "$numberInt" : "1" }, "numIndexesAfter" : { "$numberInt" : "2" }, "createdCollectionAutomatically" : true, "ok" : { "$numberInt" : "1" } } }, "ok" : { "$numberInt" : "1" } }
(1 row)

-- insert tests
select documentdb_api.insert('db', '{
	"insert":"ignoreCommonSpec", 
	"documents":[{"_id":99,"a":99}], "ordered": false,
        "writeConcern": { "w": "majority", "wtimeout": 5000 },
	"bypassDocumentValidation": true, 
	"comment": "NoOp"
	}');
                                         insert                                         
----------------------------------------------------------------------------------------
 ("{ ""n"" : { ""$numberInt"" : ""1"" }, ""ok"" : { ""$numberDouble"" : ""1.0"" } }",t)
(1 row)

select documentdb_api.insert('db', '{
	"insert":"ignoreCommonSpec", 
	"documents":[{"_id":21,"a":99}], 
	"ordered": false,
        "bypassDocumentValidation": true, 
	"comment": "NoOp2",
	"apiVersion": 1
	}');
                                         insert                                         
----------------------------------------------------------------------------------------
 ("{ ""n"" : { ""$numberInt"" : ""1"" }, ""ok"" : { ""$numberDouble"" : ""1.0"" } }",t)
(1 row)

-- insert again
select documentdb_api.insert('db', '{
	"insert":"ignoreCommonSpec", 
	"documents":[{"_id":1,"a":"id1"}], 
	"ordered": false,
        "bypassDocumentValidation": true, 
	"comment": "NoOp1",
	"apiVersion": 1
	}');
                                         insert                                         
----------------------------------------------------------------------------------------
 ("{ ""n"" : { ""$numberInt"" : ""1"" }, ""ok"" : { ""$numberDouble"" : ""1.0"" } }",t)
(1 row)

select documentdb_api.insert('db', '{
	"insert":"ignoreCommonSpec", 
	"documents":[{"_id":2,"a":"id2"}],
	"ordered": false,
        "bypassDocumentValidation": true,
	"comment": "NoOp2"}');
                                         insert                                         
----------------------------------------------------------------------------------------
 ("{ ""n"" : { ""$numberInt"" : ""1"" }, ""ok"" : { ""$numberDouble"" : ""1.0"" } }",t)
(1 row)

