set search_path to documentdb_core,documentdb_api,documentdb_api_catalog;
SET citus.next_shard_id TO 2100000;
SET documentdb.next_collection_id TO 21000;
SET documentdb.next_collection_index_id TO 21000;
--Test 1 Collection exist with only one Index --
SELECT documentdb_api_internal.create_indexes_non_concurrently('orderdb', documentdb_distributed_test_helpers.generate_create_index_arg('order_data', 'total_price_idx', '{"total_price": 1}'), true);
NOTICE:  creating collection
                                                                                                   create_indexes_non_concurrently                                                                                                   
---------------------------------------------------------------------
 { "raw" : { "defaultShard" : { "numIndexesBefore" : { "$numberInt" : "1" }, "numIndexesAfter" : { "$numberInt" : "2" }, "createdCollectionAutomatically" : true, "ok" : { "$numberInt" : "1" } } }, "ok" : { "$numberInt" : "1" } }
(1 row)

SELECT documentdb_api.list_indexes_cursor_first_page('orderdb','{ "listIndexes": "order_data" }') ORDER BY 1;
                                                                                                                                                                                             list_indexes_cursor_first_page                                                                                                                                                                                              
---------------------------------------------------------------------
 ("{ ""cursor"" : { ""id"" : { ""$numberLong"" : ""0"" }, ""ns"" : ""orderdb.order_data"", ""firstBatch"" : [ { ""v"" : { ""$numberInt"" : ""2"" }, ""key"" : { ""_id"" : { ""$numberInt"" : ""1"" } }, ""name"" : ""_id_"" }, { ""v"" : { ""$numberInt"" : ""2"" }, ""key"" : { ""total_price"" : { ""$numberInt"" : ""1"" } }, ""name"" : ""total_price_idx"" } ] }, ""ok"" : { ""$numberDouble"" : ""1.0"" } }",,f,0)
(1 row)

--Test 2 Collection exist with multiple Index --
SELECT documentdb_api_internal.create_indexes_non_concurrently('orderdb', documentdb_distributed_test_helpers.generate_create_index_arg('order_data', 'shipping_distance_idx', '{"shipping_distance": 1}'), true);
                                                                                                   create_indexes_non_concurrently                                                                                                    
---------------------------------------------------------------------
 { "raw" : { "defaultShard" : { "numIndexesBefore" : { "$numberInt" : "2" }, "numIndexesAfter" : { "$numberInt" : "3" }, "createdCollectionAutomatically" : false, "ok" : { "$numberInt" : "1" } } }, "ok" : { "$numberInt" : "1" } }
(1 row)

SELECT documentdb_api_internal.create_indexes_non_concurrently('orderdb', documentdb_distributed_test_helpers.generate_create_index_arg('order_data', 'delivery_hours_idx', '{"delivery_hours": 1}'), true);
                                                                                                   create_indexes_non_concurrently                                                                                                    
---------------------------------------------------------------------
 { "raw" : { "defaultShard" : { "numIndexesBefore" : { "$numberInt" : "3" }, "numIndexesAfter" : { "$numberInt" : "4" }, "createdCollectionAutomatically" : false, "ok" : { "$numberInt" : "1" } } }, "ok" : { "$numberInt" : "1" } }
(1 row)

SELECT documentdb_api_internal.create_indexes_non_concurrently('orderdb', documentdb_distributed_test_helpers.generate_create_index_arg('order_data', 'customer_rating_idx', '{"customer_rating": 1}'), true);
                                                                                                   create_indexes_non_concurrently                                                                                                    
---------------------------------------------------------------------
 { "raw" : { "defaultShard" : { "numIndexesBefore" : { "$numberInt" : "4" }, "numIndexesAfter" : { "$numberInt" : "5" }, "createdCollectionAutomatically" : false, "ok" : { "$numberInt" : "1" } } }, "ok" : { "$numberInt" : "1" } }
(1 row)

SELECT documentdb_api_internal.create_indexes_non_concurrently('orderdb', documentdb_distributed_test_helpers.generate_create_index_arg('order_data', 'item_count_idx', '{"item_count": 1}'), true);
                                                                                                   create_indexes_non_concurrently                                                                                                    
---------------------------------------------------------------------
 { "raw" : { "defaultShard" : { "numIndexesBefore" : { "$numberInt" : "5" }, "numIndexesAfter" : { "$numberInt" : "6" }, "createdCollectionAutomatically" : false, "ok" : { "$numberInt" : "1" } } }, "ok" : { "$numberInt" : "1" } }
(1 row)

SELECT documentdb_api_internal.create_indexes_non_concurrently('orderdb', documentdb_distributed_test_helpers.generate_create_index_arg('order_data', 'to_city_idx', '{"to_city": 1}'), true);
                                                                                                   create_indexes_non_concurrently                                                                                                    
---------------------------------------------------------------------
 { "raw" : { "defaultShard" : { "numIndexesBefore" : { "$numberInt" : "6" }, "numIndexesAfter" : { "$numberInt" : "7" }, "createdCollectionAutomatically" : false, "ok" : { "$numberInt" : "1" } } }, "ok" : { "$numberInt" : "1" } }
(1 row)

SELECT documentdb_api.list_indexes_cursor_first_page('orderdb','{ "listIndexes": "order_data" }') ORDER BY 1;
                                                                                                                                                                                                                                                                                                                                                                                                                                                                                                                                               list_indexes_cursor_first_page                                                                                                                                                                                                                                                                                                                                                                                                                                                                                                                                                
---------------------------------------------------------------------
 ("{ ""cursor"" : { ""id"" : { ""$numberLong"" : ""0"" }, ""ns"" : ""orderdb.order_data"", ""firstBatch"" : [ { ""v"" : { ""$numberInt"" : ""2"" }, ""key"" : { ""_id"" : { ""$numberInt"" : ""1"" } }, ""name"" : ""_id_"" }, { ""v"" : { ""$numberInt"" : ""2"" }, ""key"" : { ""total_price"" : { ""$numberInt"" : ""1"" } }, ""name"" : ""total_price_idx"" }, { ""v"" : { ""$numberInt"" : ""2"" }, ""key"" : { ""shipping_distance"" : { ""$numberInt"" : ""1"" } }, ""name"" : ""shipping_distance_idx"" }, { ""v"" : { ""$numberInt"" : ""2"" }, ""key"" : { ""delivery_hours"" : { ""$numberInt"" : ""1"" } }, ""name"" : ""delivery_hours_idx"" }, { ""v"" : { ""$numberInt"" : ""2"" }, ""key"" : { ""customer_rating"" : { ""$numberInt"" : ""1"" } }, ""name"" : ""customer_rating_idx"" }, { ""v"" : { ""$numberInt"" : ""2"" }, ""key"" : { ""item_count"" : { ""$numberInt"" : ""1"" } }, ""name"" : ""item_count_idx"" }, { ""v"" : { ""$numberInt"" : ""2"" }, ""key"" : { ""to_city"" : { ""$numberInt"" : ""1"" } }, ""name"" : ""to_city_idx"" } ] }, ""ok"" : { ""$numberDouble"" : ""1.0"" } }",,f,0)
(1 row)

--Test 3: Collection not exist --
SELECT documentdb_api.list_indexes_cursor_first_page('orderdb','{ "listIndexes": "nonexistent_collection" }') ORDER BY 1;
ERROR:  Namespace does not currently exist: orderdb.nonexistent_collection
--Test 4: DB not exist --
SELECT documentdb_api.list_indexes_cursor_first_page('db_not_exist','{ "listIndexes": "order_data" }') ORDER BY 1;
ERROR:  Namespace does not currently exist: db_not_exist.order_data
--Test 5: DB and collection both does not exist --
SELECT documentdb_api.list_indexes_cursor_first_page('db_not_exist','{ "listIndexes": "nonexistent_collection" }') ORDER BY 1;
ERROR:  Namespace does not currently exist: db_not_exist.nonexistent_collection
-- Test 6: Sparse is included in result only when specified:
SELECT documentdb_api_internal.create_indexes_non_concurrently('sparsedb', '{"createIndexes": "sparse_orders", "indexes": [{"key": {"promo_code": 1}, "name": "promo_sparse_idx1", "sparse": true}]}', true);
NOTICE:  creating collection
                                                                                                   create_indexes_non_concurrently                                                                                                   
---------------------------------------------------------------------
 { "raw" : { "defaultShard" : { "numIndexesBefore" : { "$numberInt" : "1" }, "numIndexesAfter" : { "$numberInt" : "2" }, "createdCollectionAutomatically" : true, "ok" : { "$numberInt" : "1" } } }, "ok" : { "$numberInt" : "1" } }
(1 row)

SELECT documentdb_api_internal.create_indexes_non_concurrently('sparsedb', '{"createIndexes": "sparse_orders", "indexes": [{"key": {"order_status": 1}, "name": "status_non_sparse_idx1", "sparse": false}]}', true);
                                                                                                   create_indexes_non_concurrently                                                                                                    
---------------------------------------------------------------------
 { "raw" : { "defaultShard" : { "numIndexesBefore" : { "$numberInt" : "2" }, "numIndexesAfter" : { "$numberInt" : "3" }, "createdCollectionAutomatically" : false, "ok" : { "$numberInt" : "1" } } }, "ok" : { "$numberInt" : "1" } }
(1 row)

SELECT documentdb_api_internal.create_indexes_non_concurrently('sparsedb', '{"createIndexes": "sparse_orders", "indexes": [{"key": {"payment_method": 1}, "name": "payment_idx1"}]}', true);
                                                                                                   create_indexes_non_concurrently                                                                                                    
---------------------------------------------------------------------
 { "raw" : { "defaultShard" : { "numIndexesBefore" : { "$numberInt" : "3" }, "numIndexesAfter" : { "$numberInt" : "4" }, "createdCollectionAutomatically" : false, "ok" : { "$numberInt" : "1" } } }, "ok" : { "$numberInt" : "1" } }
(1 row)

SELECT documentdb_api_internal.create_indexes_non_concurrently('sparsedb', '{"createIndexes": "sparse_orders", "indexes": [{"key": {"gift_message": 1}, "name": "gift_idx2", "sparse": 1.0}]}', true);
                                                                                                   create_indexes_non_concurrently                                                                                                    
---------------------------------------------------------------------
 { "raw" : { "defaultShard" : { "numIndexesBefore" : { "$numberInt" : "4" }, "numIndexesAfter" : { "$numberInt" : "5" }, "createdCollectionAutomatically" : false, "ok" : { "$numberInt" : "1" } } }, "ok" : { "$numberInt" : "1" } }
(1 row)

SELECT documentdb_api_internal.create_indexes_non_concurrently('sparsedb', '{"createIndexes": "sparse_orders", "indexes": [{"key": {"gift_message": 1}, "name": "gift_idx3", "sparse": 0.0}]}', true); 
                                                                                                   create_indexes_non_concurrently                                                                                                    
---------------------------------------------------------------------
 { "raw" : { "defaultShard" : { "numIndexesBefore" : { "$numberInt" : "5" }, "numIndexesAfter" : { "$numberInt" : "6" }, "createdCollectionAutomatically" : false, "ok" : { "$numberInt" : "1" } } }, "ok" : { "$numberInt" : "1" } }
(1 row)

SELECT documentdb_api_internal.create_indexes_non_concurrently('sparsedb', '{"createIndexes": "sparse_orders", "indexes": [{"key": {"coupon_code": 1}, "name": "coupon_idx4", "sparse": 0.0, "expireAfterSeconds" : 3600}]}', true);
                                                                                                   create_indexes_non_concurrently                                                                                                    
---------------------------------------------------------------------
 { "raw" : { "defaultShard" : { "numIndexesBefore" : { "$numberInt" : "6" }, "numIndexesAfter" : { "$numberInt" : "7" }, "createdCollectionAutomatically" : false, "ok" : { "$numberInt" : "1" } } }, "ok" : { "$numberInt" : "1" } }
(1 row)

SELECT documentdb_api.list_indexes_cursor_first_page('sparsedb','{ "listIndexes": "sparse_orders" }') ORDER BY 1;
                                                                                                                                                                                                                                                                                                                                                                                                                                                                                                                                                                                                                    list_indexes_cursor_first_page                                                                                                                                                                                                                                                                                                                                                                                                                                                                                                                                                                                                                    
---------------------------------------------------------------------
 ("{ ""cursor"" : { ""id"" : { ""$numberLong"" : ""0"" }, ""ns"" : ""sparsedb.sparse_orders"", ""firstBatch"" : [ { ""v"" : { ""$numberInt"" : ""2"" }, ""key"" : { ""_id"" : { ""$numberInt"" : ""1"" } }, ""name"" : ""_id_"" }, { ""v"" : { ""$numberInt"" : ""2"" }, ""key"" : { ""promo_code"" : { ""$numberInt"" : ""1"" } }, ""name"" : ""promo_sparse_idx1"", ""sparse"" : true }, { ""v"" : { ""$numberInt"" : ""2"" }, ""key"" : { ""order_status"" : { ""$numberInt"" : ""1"" } }, ""name"" : ""status_non_sparse_idx1"", ""sparse"" : false }, { ""v"" : { ""$numberInt"" : ""2"" }, ""key"" : { ""payment_method"" : { ""$numberInt"" : ""1"" } }, ""name"" : ""payment_idx1"" }, { ""v"" : { ""$numberInt"" : ""2"" }, ""key"" : { ""gift_message"" : { ""$numberInt"" : ""1"" } }, ""name"" : ""gift_idx2"", ""sparse"" : true }, { ""v"" : { ""$numberInt"" : ""2"" }, ""key"" : { ""gift_message"" : { ""$numberInt"" : ""1"" } }, ""name"" : ""gift_idx3"", ""sparse"" : false }, { ""v"" : { ""$numberInt"" : ""2"" }, ""key"" : { ""coupon_code"" : { ""$numberInt"" : ""1"" } }, ""name"" : ""coupon_idx4"", ""sparse"" : false, ""expireAfterSeconds"" : { ""$numberInt"" : ""3600"" } } ] }, ""ok"" : { ""$numberDouble"" : ""1.0"" } }",,f,0)
(1 row)

-- Test 7: Unique indexes is included if it is specified and true.
SELECT documentdb_api_internal.create_indexes_non_concurrently('uniquedb', '{"createIndexes": "unique_orders", "indexes": [{"key": {"order_number": 1}, "name": "order_idx3", "unique": 0.0}]}', true);
NOTICE:  creating collection
                                                                                                   create_indexes_non_concurrently                                                                                                   
---------------------------------------------------------------------
 { "raw" : { "defaultShard" : { "numIndexesBefore" : { "$numberInt" : "1" }, "numIndexesAfter" : { "$numberInt" : "2" }, "createdCollectionAutomatically" : true, "ok" : { "$numberInt" : "1" } } }, "ok" : { "$numberInt" : "1" } }
(1 row)

SELECT documentdb_api_internal.create_indexes_non_concurrently('uniquedb', '{"createIndexes": "unique_orders", "indexes": [{"key": {"tracking_number": 1}, "name": "tracking_idx4", "unique": 1.0, "sparse": 1.0, "expireAfterSeconds" : 5400}]}', true);
                                                                                                   create_indexes_non_concurrently                                                                                                    
---------------------------------------------------------------------
 { "raw" : { "defaultShard" : { "numIndexesBefore" : { "$numberInt" : "2" }, "numIndexesAfter" : { "$numberInt" : "3" }, "createdCollectionAutomatically" : false, "ok" : { "$numberInt" : "1" } } }, "ok" : { "$numberInt" : "1" } }
(1 row)

SELECT documentdb_api.list_indexes_cursor_first_page('uniquedb','{ "listIndexes": "unique_orders" }') ORDER BY 1;
                                                                                                                                                                                                                                                                                                               list_indexes_cursor_first_page                                                                                                                                                                                                                                                                                                                
---------------------------------------------------------------------
 ("{ ""cursor"" : { ""id"" : { ""$numberLong"" : ""0"" }, ""ns"" : ""uniquedb.unique_orders"", ""firstBatch"" : [ { ""v"" : { ""$numberInt"" : ""2"" }, ""key"" : { ""_id"" : { ""$numberInt"" : ""1"" } }, ""name"" : ""_id_"" }, { ""v"" : { ""$numberInt"" : ""2"" }, ""key"" : { ""order_number"" : { ""$numberInt"" : ""1"" } }, ""name"" : ""order_idx3"" }, { ""v"" : { ""$numberInt"" : ""2"" }, ""key"" : { ""tracking_number"" : { ""$numberInt"" : ""1"" } }, ""name"" : ""tracking_idx4"", ""sparse"" : true, ""unique"" : true, ""expireAfterSeconds"" : { ""$numberInt"" : ""5400"" } } ] }, ""ok"" : { ""$numberDouble"" : ""1.0"" } }",,f,0)
(1 row)

