SET search_path TO documentdb_core,documentdb_api,documentdb_api_catalog,documentdb_api_internal;
SET citus.next_shard_id TO 8800000;
SET documentdb.next_collection_id TO 8800;
SET documentdb.next_collection_index_id TO 8800;
-- $tsSecond operator
SELECT * FROM bson_dollar_project('{}', '{"result": { "$tsSecond": null }}');
 bson_dollar_project 
---------------------------------------------------------------------
 { "result" : null }
(1 row)

SELECT * FROM bson_dollar_project('{}', '{"result": { "$tsSecond": {"$undefined":true} }}');
 bson_dollar_project 
---------------------------------------------------------------------
 { "result" : null }
(1 row)

SELECT * FROM bson_dollar_project('{}', '{"result": { "$tsSecond": { "$timestamp": { "t": 1622431468, "i": 1 }} }}');
               bson_dollar_project               
---------------------------------------------------------------------
 { "result" : { "$numberLong" : "1622431468" } }
(1 row)

-- $tsSecond operator , input document tests
SELECT * FROM bson_dollar_project('{"a": { "$timestamp": { "t": 1622431468, "i": 1 }} }', '{"result": { "$tsSecond": "$a" }}');
               bson_dollar_project               
---------------------------------------------------------------------
 { "result" : { "$numberLong" : "1622431468" } }
(1 row)

-- $tsSecond operator negative tests
SELECT * FROM bson_dollar_project('{}', '{"result": { "$tsSecond": "" }}');
ERROR:  The $tsSecond operator needs a valid timestamp argument, but instead received: string
SELECT * FROM bson_dollar_project('{}', '{"result": { "$tsSecond": [1,2] }}');
ERROR:  The expression $tsSecond requires exactly 1 arguments, but 2 arguments were actually provided.
SELECT * FROM bson_dollar_project('{}', '{"result": { "$tsSecond": [1] }}');
ERROR:  The $tsSecond operator needs a valid timestamp argument, but instead received: int
SELECT * FROM bson_dollar_project('{}', '{"result": { "$tsSecond": 11 }}');
ERROR:  The $tsSecond operator needs a valid timestamp argument, but instead received: int
SELECT * FROM bson_dollar_project('{}', '{"result": { "$tsSecond": true }}');
ERROR:  The $tsSecond operator needs a valid timestamp argument, but instead received: bool
SELECT * FROM bson_dollar_project('{"a":1}', '{"result": { "$tsSecond": "$a" }}');
ERROR:  The $tsSecond operator needs a valid timestamp argument, but instead received: int
SELECT * FROM bson_dollar_project('{}', '{"result": { "$tsSecond": {"$regex": "a*b", "$options":""} }}');
ERROR:  The $tsSecond operator needs a valid timestamp argument, but instead received: regex
-- $tsIncrement operator
SELECT * FROM bson_dollar_project('{}', '{"result": { "$tsIncrement": null }}');
 bson_dollar_project 
---------------------------------------------------------------------
 { "result" : null }
(1 row)

SELECT * FROM bson_dollar_project('{}', '{"result": { "$tsIncrement": {"$undefined":true} }}');
 bson_dollar_project 
---------------------------------------------------------------------
 { "result" : null }
(1 row)

SELECT * FROM bson_dollar_project('{}', '{"result": { "$tsIncrement": { "$timestamp": { "t": 1622431468, "i": 1 }} }}');
          bson_dollar_project           
---------------------------------------------------------------------
 { "result" : { "$numberLong" : "1" } }
(1 row)

-- Create Collection
SELECT documentdb_api.create_collection('db', 'timestampTest');
NOTICE:  creating collection
 create_collection 
---------------------------------------------------------------------
 t
(1 row)

-- $tsIncrement/$tsSecond operator , input document tests
SELECT documentdb_api.insert_one('db','timestampTest','{ "symbol": "a", "tsValue": { "$timestamp": { "t": 1622431468, "i": 1 }} }', NULL);
                              insert_one                              
---------------------------------------------------------------------
 { "n" : { "$numberInt" : "1" }, "ok" : { "$numberDouble" : "1.0" } }
(1 row)

SELECT documentdb_api.insert_one('db','timestampTest','{ "symbol": "a", "tsValue": { "$timestamp": { "t": 1622431468, "i": 2 }} }', NULL);
                              insert_one                              
---------------------------------------------------------------------
 { "n" : { "$numberInt" : "1" }, "ok" : { "$numberDouble" : "1.0" } }
(1 row)

SELECT documentdb_api.insert_one('db','timestampTest','{ "symbol": "b", "tsValue": { "$timestamp": { "t": 1714124193, "i": 1 }} }', NULL);
                              insert_one                              
---------------------------------------------------------------------
 { "n" : { "$numberInt" : "1" }, "ok" : { "$numberDouble" : "1.0" } }
(1 row)

SELECT documentdb_api.insert_one('db','timestampTest','{ "symbol": "b", "tsValue": { "$timestamp": { "t": 1714124192, "i": 1 }} }', NULL);
                              insert_one                              
---------------------------------------------------------------------
 { "n" : { "$numberInt" : "1" }, "ok" : { "$numberDouble" : "1.0" } }
(1 row)

SELECT documentdb_api.insert_one('db','timestampTest','{ "symbol": "b", "tsValue": { "$timestamp": { "t": 1714124192, "i": 2 }} }', NULL);
                              insert_one                              
---------------------------------------------------------------------
 { "n" : { "$numberInt" : "1" }, "ok" : { "$numberDouble" : "1.0" } }
(1 row)

SELECT document FROM bson_aggregation_pipeline('db', '{"aggregate": "timestampTest", "pipeline": [{ "$project": {"_id": 0, "tsValue": 1, "incrementValue": {"$tsIncrement": "$tsValue"}, "secondValue": {"$tsSecond": "$tsValue"}}}  ]}');
                                                                            document                                                                            
---------------------------------------------------------------------
 { "tsValue" : { "$timestamp" : { "t" : 1622431468, "i" : 1 } }, "incrementValue" : { "$numberLong" : "1" }, "secondValue" : { "$numberLong" : "1622431468" } }
 { "tsValue" : { "$timestamp" : { "t" : 1622431468, "i" : 2 } }, "incrementValue" : { "$numberLong" : "2" }, "secondValue" : { "$numberLong" : "1622431468" } }
 { "tsValue" : { "$timestamp" : { "t" : 1714124193, "i" : 1 } }, "incrementValue" : { "$numberLong" : "1" }, "secondValue" : { "$numberLong" : "1714124193" } }
 { "tsValue" : { "$timestamp" : { "t" : 1714124192, "i" : 1 } }, "incrementValue" : { "$numberLong" : "1" }, "secondValue" : { "$numberLong" : "1714124192" } }
 { "tsValue" : { "$timestamp" : { "t" : 1714124192, "i" : 2 } }, "incrementValue" : { "$numberLong" : "2" }, "secondValue" : { "$numberLong" : "1714124192" } }
(5 rows)

-- $tsIncrement operator negative tests
SELECT * FROM bson_dollar_project('{}', '{"result": { "$tsIncrement": "" }}');
ERROR:  Expected 'timestamp' type for $tsIncrement but found 'string' type
SELECT * FROM bson_dollar_project('{}', '{"result": { "$tsIncrement": [1,2] }}');
ERROR:  The expression $tsIncrement requires exactly 1 arguments, but 2 arguments were actually provided.
SELECT * FROM bson_dollar_project('{}', '{"result": { "$tsIncrement": [1] }}');
ERROR:  Expected 'timestamp' type for $tsIncrement but found 'int' type
SELECT * FROM bson_dollar_project('{}', '{"result": { "$tsIncrement": 11 }}');
ERROR:  Expected 'timestamp' type for $tsIncrement but found 'int' type
SELECT * FROM bson_dollar_project('{}', '{"result": { "$tsIncrement": true }}');
ERROR:  Expected 'timestamp' type for $tsIncrement but found 'bool' type
SELECT * FROM bson_dollar_project('{"a":1}', '{"result": { "$tsIncrement": "$a" }}');
ERROR:  Expected 'timestamp' type for $tsIncrement but found 'int' type
SELECT * FROM bson_dollar_project('{}', '{"result": { "$tsIncrement": {"$regex": "a*b", "$options":""} }}');
ERROR:  Expected 'timestamp' type for $tsIncrement but found 'regex' type
