SET search_path TO documentdb_core,documentdb_api,documentdb_api_catalog,documentdb_api_internal;
SET citus.next_shard_id TO 5600000;
SET documentdb.next_collection_id TO 56000;
SET documentdb.next_collection_index_id TO 56000;
-- test term generation
SELECT documentdb_distributed_test_helpers.gin_bson_get_single_path_generated_terms('{"_id": 6, "a" : { "b": 1, "c": 2 }, "d": 1 }', '', true, enableReducedWildcardTerms => true);
                 gin_bson_get_single_path_generated_terms                 
---------------------------------------------------------------------
 { "_id" : { "$numberInt" : "6" } }
 { "a" : { "b" : { "$numberInt" : "1" }, "c" : { "$numberInt" : "2" } } }
 { "a.b" : { "$numberInt" : "1" } }
 { "a.c" : { "$numberInt" : "2" } }
 { "d" : { "$numberInt" : "1" } }
 { "" : true }
(6 rows)

SELECT documentdb_distributed_test_helpers.gin_bson_get_single_path_generated_terms('{"_id": 6, "a" : { "b": [ 1, 2 ], "c": 2 }, "d": 1 }', '', true, enableReducedWildcardTerms => true);
                               gin_bson_get_single_path_generated_terms                               
---------------------------------------------------------------------
 { "_id" : { "$numberInt" : "6" } }
 { "a" : { "b" : [ { "$numberInt" : "1" }, { "$numberInt" : "2" } ], "c" : { "$numberInt" : "2" } } }
 { "a.b" : [ { "$numberInt" : "1" }, { "$numberInt" : "2" } ] }
 { "a.b" : { "$numberInt" : "1" } }
 { "a.b" : { "$numberInt" : "2" } }
 { "a.c" : { "$numberInt" : "2" } }
 { "d" : { "$numberInt" : "1" } }
 { "" : true }
(8 rows)

SELECT documentdb_distributed_test_helpers.gin_bson_get_single_path_generated_terms('{"_id": 6, "a" : [ { "b": 1, "c": 2 }, { "d": 1 } ] }', '', true, enableReducedWildcardTerms => true);
                                    gin_bson_get_single_path_generated_terms                                    
---------------------------------------------------------------------
 { "_id" : { "$numberInt" : "6" } }
 { "a" : [ { "b" : { "$numberInt" : "1" }, "c" : { "$numberInt" : "2" } }, { "d" : { "$numberInt" : "1" } } ] }
 { "a" : { "b" : { "$numberInt" : "1" }, "c" : { "$numberInt" : "2" } } }
 { "a.b" : { "$numberInt" : "1" } }
 { "a.c" : { "$numberInt" : "2" } }
 { "a" : { "d" : { "$numberInt" : "1" } } }
 { "a.d" : { "$numberInt" : "1" } }
 { "" : true }
 { "" : [  ] }
(9 rows)

SELECT documentdb_distributed_test_helpers.gin_bson_get_single_path_generated_terms('{"_id": 6, "a" : [ { "b": [ 1, 2 ], "c": 2 }, { "d": 1 }, 3 ] }', '', true, enableReducedWildcardTerms => true);
                                                              gin_bson_get_single_path_generated_terms                                                              
---------------------------------------------------------------------
 { "_id" : { "$numberInt" : "6" } }
 { "a" : [ { "b" : [ { "$numberInt" : "1" }, { "$numberInt" : "2" } ], "c" : { "$numberInt" : "2" } }, { "d" : { "$numberInt" : "1" } }, { "$numberInt" : "3" } ] }
 { "a" : { "b" : [ { "$numberInt" : "1" }, { "$numberInt" : "2" } ], "c" : { "$numberInt" : "2" } } }
 { "a.b" : [ { "$numberInt" : "1" }, { "$numberInt" : "2" } ] }
 { "a.b" : { "$numberInt" : "1" } }
 { "a.b" : { "$numberInt" : "2" } }
 { "a.c" : { "$numberInt" : "2" } }
 { "a" : { "d" : { "$numberInt" : "1" } } }
 { "a.d" : { "$numberInt" : "1" } }
 { "a" : { "$numberInt" : "3" } }
 { "" : true }
 { "" : [  ] }
(12 rows)

SELECT documentdb_distributed_test_helpers.gin_bson_get_single_path_generated_terms('{"_id": 6, "a" : [ { "b": [ 1, 2 ], "c": 2 }, [ { "d": 1 }, 5 ], 3 ] }', '', true, enableReducedWildcardTerms => true);
                                                                            gin_bson_get_single_path_generated_terms                                                                            
---------------------------------------------------------------------
 { "_id" : { "$numberInt" : "6" } }
 { "a" : [ { "b" : [ { "$numberInt" : "1" }, { "$numberInt" : "2" } ], "c" : { "$numberInt" : "2" } }, [ { "d" : { "$numberInt" : "1" } }, { "$numberInt" : "5" } ], { "$numberInt" : "3" } ] }
 { "a" : { "b" : [ { "$numberInt" : "1" }, { "$numberInt" : "2" } ], "c" : { "$numberInt" : "2" } } }
 { "a.b" : [ { "$numberInt" : "1" }, { "$numberInt" : "2" } ] }
 { "a.b" : { "$numberInt" : "1" } }
 { "a.b" : { "$numberInt" : "2" } }
 { "a.c" : { "$numberInt" : "2" } }
 { "a.1" : [ { "d" : { "$numberInt" : "1" } }, { "$numberInt" : "5" } ] }
 { "a.1.0" : { "d" : { "$numberInt" : "1" } } }
 { "a.1.0.d" : { "$numberInt" : "1" } }
 { "a.1.d" : { "$numberInt" : "1" } }
 { "a.1.1" : { "$numberInt" : "5" } }
 { "a" : [ { "d" : { "$numberInt" : "1" } }, { "$numberInt" : "5" } ] }
 { "a" : { "$numberInt" : "3" } }
 { "" : true }
 { "" : [  ] }
(16 rows)

SELECT documentdb_distributed_test_helpers.gin_bson_get_single_path_generated_terms('{"_id": 6, "a" : [ [ 1, 2 ] ] }', '', true, enableReducedWildcardTerms => true);
             gin_bson_get_single_path_generated_terms             
---------------------------------------------------------------------
 { "_id" : { "$numberInt" : "6" } }
 { "a" : [ [ { "$numberInt" : "1" }, { "$numberInt" : "2" } ] ] }
 { "a.0" : [ { "$numberInt" : "1" }, { "$numberInt" : "2" } ] }
 { "a.0.0" : { "$numberInt" : "1" } }
 { "a.0.1" : { "$numberInt" : "2" } }
 { "a" : [ { "$numberInt" : "1" }, { "$numberInt" : "2" } ] }
 { "" : true }
 { "" : [  ] }
(8 rows)

SELECT documentdb_distributed_test_helpers.gin_bson_get_single_path_generated_terms('{"_id": 6, "a" : [ [ { "b": 1 } ] ] }', '', true, enableReducedWildcardTerms => true);
      gin_bson_get_single_path_generated_terms      
---------------------------------------------------------------------
 { "_id" : { "$numberInt" : "6" } }
 { "a" : [ [ { "b" : { "$numberInt" : "1" } } ] ] }
 { "a.0" : [ { "b" : { "$numberInt" : "1" } } ] }
 { "a.0.0" : { "b" : { "$numberInt" : "1" } } }
 { "a.0.0.b" : { "$numberInt" : "1" } }
 { "a.0.b" : { "$numberInt" : "1" } }
 { "a" : [ { "b" : { "$numberInt" : "1" } } ] }
 { "" : true }
 { "" : [  ] }
(9 rows)

-- objects with fields with numeric paths don't get skipped
SELECT documentdb_distributed_test_helpers.gin_bson_get_single_path_generated_terms('{"_id": 6, "0" : { "b": { "1": { "f": true }, "2": 2 }, "c": 2 }, "d": 1 }', '', true, enableReducedWildcardTerms => true);
                                 gin_bson_get_single_path_generated_terms                                 
---------------------------------------------------------------------
 { "_id" : { "$numberInt" : "6" } }
 { "0" : { "b" : { "1" : { "f" : true }, "2" : { "$numberInt" : "2" } }, "c" : { "$numberInt" : "2" } } }
 { "0.b" : { "1" : { "f" : true }, "2" : { "$numberInt" : "2" } } }
 { "0.b.1" : { "f" : true } }
 { "0.b.1.f" : true }
 { "0.b.2" : { "$numberInt" : "2" } }
 { "0.c" : { "$numberInt" : "2" } }
 { "d" : { "$numberInt" : "1" } }
 { "" : true }
(9 rows)

-- array paths *before* matches are fully considered
SELECT documentdb_distributed_test_helpers.gin_bson_get_single_path_generated_terms('{"_id": 6, "a" : [ { "b": [ { "c": 1 }]}] }', 'a.0.b', true, enableReducedWildcardTerms => true);
      gin_bson_get_single_path_generated_terms      
---------------------------------------------------------------------
 { "a.0.b" : [ { "c" : { "$numberInt" : "1" } } ] }
 { "a.0.b" : { "c" : { "$numberInt" : "1" } } }
 { "a.0.b.c" : { "$numberInt" : "1" } }
 { "" : true }
 { "" : [  ] }
(5 rows)

-- create a root wildcard index with reduced terms
SELECT documentdb_api_internal.create_indexes_non_concurrently('db', '{ "createIndexes": "wildcardreducedterms", "indexes": [ { "key": { "$**": 1 }, "name": "my_idx", "enableReducedWildcardTerm": true }] }');
NOTICE:  creating collection
                                                                                                   create_indexes_non_concurrently                                                                                                   
---------------------------------------------------------------------
 { "raw" : { "defaultShard" : { "numIndexesBefore" : { "$numberInt" : "1" }, "numIndexesAfter" : { "$numberInt" : "2" }, "createdCollectionAutomatically" : true, "ok" : { "$numberInt" : "1" } } }, "ok" : { "$numberInt" : "1" } }
(1 row)

\d documentdb_data.documents_56000
          Table "documentdb_data.documents_56000"
     Column      |  Type  | Collation | Nullable | Default 
---------------------------------------------------------------------
 shard_key_value | bigint |           | not null | 
 object_id       | bson   |           | not null | 
 document        | bson   |           | not null | 
Indexes:
    "collection_pk_56000" PRIMARY KEY, btree (shard_key_value, object_id)
    "documents_rum_index_56001" documentdb_rum (document bson_rum_single_path_ops (path='', iswildcard='true', tl='2699', wkl='200', rwt='true'))
Check constraints:
    "shard_key_value_check" CHECK (shard_key_value = '56000'::bigint)

-- now insert some convoluted document
SELECT documentdb_api.insert_one('db','wildcardreducedterms', '{"_id": 15, "c" : [ { "d": [[-1, 1, 2]] }, { "d": [[0, 1, 2]] }, { "d": [[0, 1, 7]] }] }', NULL);
                              insert_one                              
---------------------------------------------------------------------
 { "n" : { "$numberInt" : "1" }, "ok" : { "$numberDouble" : "1.0" } }
(1 row)

-- these return the above document
SELECT object_id, document FROM documentdb_api.collection('db','wildcardreducedterms') WHERE document @@ '{ "c" : { "$eq" : [ { "d": [[-1, 1, 2]] }, { "d": [[0, 1, 2]] }, { "d": [[0, 1, 7]] }] }}';
            object_id             |                                                                                                                                                           document                                                                                                                                                           
---------------------------------------------------------------------
 { "" : { "$numberInt" : "15" } } | { "_id" : { "$numberInt" : "15" }, "c" : [ { "d" : [ [ { "$numberInt" : "-1" }, { "$numberInt" : "1" }, { "$numberInt" : "2" } ] ] }, { "d" : [ [ { "$numberInt" : "0" }, { "$numberInt" : "1" }, { "$numberInt" : "2" } ] ] }, { "d" : [ [ { "$numberInt" : "0" }, { "$numberInt" : "1" }, { "$numberInt" : "7" } ] ] } ] }
(1 row)

SELECT object_id, document FROM documentdb_api.collection('db','wildcardreducedterms') WHERE document @@ '{ "c" : { "$eq" : { "d" : [ [ -1, 1, 2 ] ] } }}';
            object_id             |                                                                                                                                                           document                                                                                                                                                           
---------------------------------------------------------------------
 { "" : { "$numberInt" : "15" } } | { "_id" : { "$numberInt" : "15" }, "c" : [ { "d" : [ [ { "$numberInt" : "-1" }, { "$numberInt" : "1" }, { "$numberInt" : "2" } ] ] }, { "d" : [ [ { "$numberInt" : "0" }, { "$numberInt" : "1" }, { "$numberInt" : "2" } ] ] }, { "d" : [ [ { "$numberInt" : "0" }, { "$numberInt" : "1" }, { "$numberInt" : "7" } ] ] } ] }
(1 row)

SELECT object_id, document FROM documentdb_api.collection('db','wildcardreducedterms') WHERE document @@ '{ "c.0" : { "$eq" : { "d" : [ [ -1, 1, 2 ] ] } }}';
            object_id             |                                                                                                                                                           document                                                                                                                                                           
---------------------------------------------------------------------
 { "" : { "$numberInt" : "15" } } | { "_id" : { "$numberInt" : "15" }, "c" : [ { "d" : [ [ { "$numberInt" : "-1" }, { "$numberInt" : "1" }, { "$numberInt" : "2" } ] ] }, { "d" : [ [ { "$numberInt" : "0" }, { "$numberInt" : "1" }, { "$numberInt" : "2" } ] ] }, { "d" : [ [ { "$numberInt" : "0" }, { "$numberInt" : "1" }, { "$numberInt" : "7" } ] ] } ] }
(1 row)

SELECT object_id, document FROM documentdb_api.collection('db','wildcardreducedterms') WHERE document @@ '{ "c.0.d" : { "$eq" : [ [ -1, 1, 2 ] ] }}';
            object_id             |                                                                                                                                                           document                                                                                                                                                           
---------------------------------------------------------------------
 { "" : { "$numberInt" : "15" } } | { "_id" : { "$numberInt" : "15" }, "c" : [ { "d" : [ [ { "$numberInt" : "-1" }, { "$numberInt" : "1" }, { "$numberInt" : "2" } ] ] }, { "d" : [ [ { "$numberInt" : "0" }, { "$numberInt" : "1" }, { "$numberInt" : "2" } ] ] }, { "d" : [ [ { "$numberInt" : "0" }, { "$numberInt" : "1" }, { "$numberInt" : "7" } ] ] } ] }
(1 row)

SELECT object_id, document FROM documentdb_api.collection('db','wildcardreducedterms') WHERE document @@ '{ "c.0.d" : { "$eq" : [ -1, 1, 2 ] }}';
            object_id             |                                                                                                                                                           document                                                                                                                                                           
---------------------------------------------------------------------
 { "" : { "$numberInt" : "15" } } | { "_id" : { "$numberInt" : "15" }, "c" : [ { "d" : [ [ { "$numberInt" : "-1" }, { "$numberInt" : "1" }, { "$numberInt" : "2" } ] ] }, { "d" : [ [ { "$numberInt" : "0" }, { "$numberInt" : "1" }, { "$numberInt" : "2" } ] ] }, { "d" : [ [ { "$numberInt" : "0" }, { "$numberInt" : "1" }, { "$numberInt" : "7" } ] ] } ] }
(1 row)

SELECT object_id, document FROM documentdb_api.collection('db','wildcardreducedterms') WHERE document @@ '{ "c.0.d.0" : { "$eq" : [ -1, 1, 2 ] }}';
            object_id             |                                                                                                                                                           document                                                                                                                                                           
---------------------------------------------------------------------
 { "" : { "$numberInt" : "15" } } | { "_id" : { "$numberInt" : "15" }, "c" : [ { "d" : [ [ { "$numberInt" : "-1" }, { "$numberInt" : "1" }, { "$numberInt" : "2" } ] ] }, { "d" : [ [ { "$numberInt" : "0" }, { "$numberInt" : "1" }, { "$numberInt" : "2" } ] ] }, { "d" : [ [ { "$numberInt" : "0" }, { "$numberInt" : "1" }, { "$numberInt" : "7" } ] ] } ] }
(1 row)

SELECT object_id, document FROM documentdb_api.collection('db','wildcardreducedterms') WHERE document @@ '{ "c.0.d.0.0" : { "$eq" : -1 }}';
            object_id             |                                                                                                                                                           document                                                                                                                                                           
---------------------------------------------------------------------
 { "" : { "$numberInt" : "15" } } | { "_id" : { "$numberInt" : "15" }, "c" : [ { "d" : [ [ { "$numberInt" : "-1" }, { "$numberInt" : "1" }, { "$numberInt" : "2" } ] ] }, { "d" : [ [ { "$numberInt" : "0" }, { "$numberInt" : "1" }, { "$numberInt" : "2" } ] ] }, { "d" : [ [ { "$numberInt" : "0" }, { "$numberInt" : "1" }, { "$numberInt" : "7" } ] ] } ] }
(1 row)

SELECT object_id, document FROM documentdb_api.collection('db','wildcardreducedterms') WHERE document @@ '{ "c.0.d.0.1" : { "$eq" : 1 }}';
            object_id             |                                                                                                                                                           document                                                                                                                                                           
---------------------------------------------------------------------
 { "" : { "$numberInt" : "15" } } | { "_id" : { "$numberInt" : "15" }, "c" : [ { "d" : [ [ { "$numberInt" : "-1" }, { "$numberInt" : "1" }, { "$numberInt" : "2" } ] ] }, { "d" : [ [ { "$numberInt" : "0" }, { "$numberInt" : "1" }, { "$numberInt" : "2" } ] ] }, { "d" : [ [ { "$numberInt" : "0" }, { "$numberInt" : "1" }, { "$numberInt" : "7" } ] ] } ] }
(1 row)

SELECT object_id, document FROM documentdb_api.collection('db','wildcardreducedterms') WHERE document @@ '{ "c.0.d.0.2" : { "$eq" : 2 }}';
            object_id             |                                                                                                                                                           document                                                                                                                                                           
---------------------------------------------------------------------
 { "" : { "$numberInt" : "15" } } | { "_id" : { "$numberInt" : "15" }, "c" : [ { "d" : [ [ { "$numberInt" : "-1" }, { "$numberInt" : "1" }, { "$numberInt" : "2" } ] ] }, { "d" : [ [ { "$numberInt" : "0" }, { "$numberInt" : "1" }, { "$numberInt" : "2" } ] ] }, { "d" : [ [ { "$numberInt" : "0" }, { "$numberInt" : "1" }, { "$numberInt" : "7" } ] ] } ] }
(1 row)

SELECT object_id, document FROM documentdb_api.collection('db','wildcardreducedterms') WHERE document @@ '{ "c.d" : { "$eq" : [ [ -1, 1, 2 ] ] }}';
            object_id             |                                                                                                                                                           document                                                                                                                                                           
---------------------------------------------------------------------
 { "" : { "$numberInt" : "15" } } | { "_id" : { "$numberInt" : "15" }, "c" : [ { "d" : [ [ { "$numberInt" : "-1" }, { "$numberInt" : "1" }, { "$numberInt" : "2" } ] ] }, { "d" : [ [ { "$numberInt" : "0" }, { "$numberInt" : "1" }, { "$numberInt" : "2" } ] ] }, { "d" : [ [ { "$numberInt" : "0" }, { "$numberInt" : "1" }, { "$numberInt" : "7" } ] ] } ] }
(1 row)

SELECT object_id, document FROM documentdb_api.collection('db','wildcardreducedterms') WHERE document @@ '{ "c.d" : { "$eq" : [ -1, 1, 2 ] }}';
            object_id             |                                                                                                                                                           document                                                                                                                                                           
---------------------------------------------------------------------
 { "" : { "$numberInt" : "15" } } | { "_id" : { "$numberInt" : "15" }, "c" : [ { "d" : [ [ { "$numberInt" : "-1" }, { "$numberInt" : "1" }, { "$numberInt" : "2" } ] ] }, { "d" : [ [ { "$numberInt" : "0" }, { "$numberInt" : "1" }, { "$numberInt" : "2" } ] ] }, { "d" : [ [ { "$numberInt" : "0" }, { "$numberInt" : "1" }, { "$numberInt" : "7" } ] ] } ] }
(1 row)

SELECT object_id, document FROM documentdb_api.collection('db','wildcardreducedterms') WHERE document @@ '{ "c.d.0" : { "$eq" : [ -1, 1, 2 ] }}';
            object_id             |                                                                                                                                                           document                                                                                                                                                           
---------------------------------------------------------------------
 { "" : { "$numberInt" : "15" } } | { "_id" : { "$numberInt" : "15" }, "c" : [ { "d" : [ [ { "$numberInt" : "-1" }, { "$numberInt" : "1" }, { "$numberInt" : "2" } ] ] }, { "d" : [ [ { "$numberInt" : "0" }, { "$numberInt" : "1" }, { "$numberInt" : "2" } ] ] }, { "d" : [ [ { "$numberInt" : "0" }, { "$numberInt" : "1" }, { "$numberInt" : "7" } ] ] } ] }
(1 row)

SELECT object_id, document FROM documentdb_api.collection('db','wildcardreducedterms') WHERE document @@ '{ "c.d.0.0" : { "$eq" : -1 }}';
            object_id             |                                                                                                                                                           document                                                                                                                                                           
---------------------------------------------------------------------
 { "" : { "$numberInt" : "15" } } | { "_id" : { "$numberInt" : "15" }, "c" : [ { "d" : [ [ { "$numberInt" : "-1" }, { "$numberInt" : "1" }, { "$numberInt" : "2" } ] ] }, { "d" : [ [ { "$numberInt" : "0" }, { "$numberInt" : "1" }, { "$numberInt" : "2" } ] ] }, { "d" : [ [ { "$numberInt" : "0" }, { "$numberInt" : "1" }, { "$numberInt" : "7" } ] ] } ] }
(1 row)

SELECT object_id, document FROM documentdb_api.collection('db','wildcardreducedterms') WHERE document @@ '{ "c.d.0.1" : { "$eq" : 1 }}';
            object_id             |                                                                                                                                                           document                                                                                                                                                           
---------------------------------------------------------------------
 { "" : { "$numberInt" : "15" } } | { "_id" : { "$numberInt" : "15" }, "c" : [ { "d" : [ [ { "$numberInt" : "-1" }, { "$numberInt" : "1" }, { "$numberInt" : "2" } ] ] }, { "d" : [ [ { "$numberInt" : "0" }, { "$numberInt" : "1" }, { "$numberInt" : "2" } ] ] }, { "d" : [ [ { "$numberInt" : "0" }, { "$numberInt" : "1" }, { "$numberInt" : "7" } ] ] } ] }
(1 row)

SELECT object_id, document FROM documentdb_api.collection('db','wildcardreducedterms') WHERE document @@ '{ "c.d.0.2" : { "$eq" : 2 }}';
            object_id             |                                                                                                                                                           document                                                                                                                                                           
---------------------------------------------------------------------
 { "" : { "$numberInt" : "15" } } | { "_id" : { "$numberInt" : "15" }, "c" : [ { "d" : [ [ { "$numberInt" : "-1" }, { "$numberInt" : "1" }, { "$numberInt" : "2" } ] ] }, { "d" : [ [ { "$numberInt" : "0" }, { "$numberInt" : "1" }, { "$numberInt" : "2" } ] ] }, { "d" : [ [ { "$numberInt" : "0" }, { "$numberInt" : "1" }, { "$numberInt" : "7" } ] ] } ] }
(1 row)

-- these queries do not return the above document
SELECT object_id, document FROM documentdb_api.collection('db','wildcardreducedterms') WHERE document @@ '{ "c.0.d" : { "$eq" : -1 }}';
 object_id | document 
---------------------------------------------------------------------
(0 rows)

SELECT object_id, document FROM documentdb_api.collection('db','wildcardreducedterms') WHERE document @@ '{ "c.0.d" : { "$eq" : 1 }}';
 object_id | document 
---------------------------------------------------------------------
(0 rows)

SELECT object_id, document FROM documentdb_api.collection('db','wildcardreducedterms') WHERE document @@ '{ "c.0.d" : { "$eq" : 2 }}';
 object_id | document 
---------------------------------------------------------------------
(0 rows)

SELECT object_id, document FROM documentdb_api.collection('db','wildcardreducedterms') WHERE document @@ '{ "c.0.d.0" : { "$eq" : -1 }}';
 object_id | document 
---------------------------------------------------------------------
(0 rows)

SELECT object_id, document FROM documentdb_api.collection('db','wildcardreducedterms') WHERE document @@ '{ "c.0.d.0" : { "$eq" : 1 }}';
 object_id | document 
---------------------------------------------------------------------
(0 rows)

SELECT object_id, document FROM documentdb_api.collection('db','wildcardreducedterms') WHERE document @@ '{ "c.0.d.0" : { "$eq" : 2 }}';
 object_id | document 
---------------------------------------------------------------------
(0 rows)

SELECT object_id, document FROM documentdb_api.collection('db','wildcardreducedterms') WHERE document @@ '{ "c.0.d.1" : { "$eq" : 1 }}';
 object_id | document 
---------------------------------------------------------------------
(0 rows)

SELECT object_id, document FROM documentdb_api.collection('db','wildcardreducedterms') WHERE document @@ '{ "c.0.d.2" : { "$eq" : 2 }}';
 object_id | document 
---------------------------------------------------------------------
(0 rows)

SELECT object_id, document FROM documentdb_api.collection('db','wildcardreducedterms') WHERE document @@ '{ "c.0.d.0.2" : { "$eq" : [ 2 ] }}';
 object_id | document 
---------------------------------------------------------------------
(0 rows)

SELECT object_id, document FROM documentdb_api.collection('db','wildcardreducedterms') WHERE document @@ '{ "c.d" : { "$eq" : -1 }}';
 object_id | document 
---------------------------------------------------------------------
(0 rows)

SELECT object_id, document FROM documentdb_api.collection('db','wildcardreducedterms') WHERE document @@ '{ "c.d" : { "$eq" : 1 }}';
 object_id | document 
---------------------------------------------------------------------
(0 rows)

SELECT object_id, document FROM documentdb_api.collection('db','wildcardreducedterms') WHERE document @@ '{ "c.d" : { "$eq" : 2 }}';
 object_id | document 
---------------------------------------------------------------------
(0 rows)

SELECT object_id, document FROM documentdb_api.collection('db','wildcardreducedterms') WHERE document @@ '{ "c.d.0" : { "$eq" : -1 }}';
 object_id | document 
---------------------------------------------------------------------
(0 rows)

SELECT object_id, document FROM documentdb_api.collection('db','wildcardreducedterms') WHERE document @@ '{ "c.d.0" : { "$eq" : 1 }}';
 object_id | document 
---------------------------------------------------------------------
(0 rows)

SELECT object_id, document FROM documentdb_api.collection('db','wildcardreducedterms') WHERE document @@ '{ "c.d.0" : { "$eq" : 2 }}';
 object_id | document 
---------------------------------------------------------------------
(0 rows)

SELECT object_id, document FROM documentdb_api.collection('db','wildcardreducedterms') WHERE document @@ '{ "c.d.1" : { "$eq" : 1 }}';
 object_id | document 
---------------------------------------------------------------------
(0 rows)

SELECT object_id, document FROM documentdb_api.collection('db','wildcardreducedterms') WHERE document @@ '{ "c.d.2" : { "$eq" : 2 }}';
 object_id | document 
---------------------------------------------------------------------
(0 rows)

-- EXPLAIN to show the plan with the paths
EXPLAIN (COSTS OFF) SELECT object_id, document FROM documentdb_api.collection('db','wildcardreducedterms') WHERE document @@ '{ "c" : { "$eq" : [ { "d": [[-1, 1, 2]] }, { "d": [[0, 1, 2]] }, { "d": [[0, 1, 7]] }] }}';
                                                                                                                                                                                             QUERY PLAN                                                                                                                                                                                             
---------------------------------------------------------------------
 Custom Scan (Citus Adaptive)
   Task Count: 1
   Tasks Shown: All
   ->  Task
         Node: host=localhost port=58070 dbname=regression
         ->  Bitmap Heap Scan on documents_56000_5600001 collection
               Recheck Cond: (document OPERATOR(documentdb_api_catalog.@=) '{ "c" : [ { "d" : [ [ { "$numberInt" : "-1" }, { "$numberInt" : "1" }, { "$numberInt" : "2" } ] ] }, { "d" : [ [ { "$numberInt" : "0" }, { "$numberInt" : "1" }, { "$numberInt" : "2" } ] ] }, { "d" : [ [ { "$numberInt" : "0" }, { "$numberInt" : "1" }, { "$numberInt" : "7" } ] ] } ] }'::documentdb_core.bson)
               ->  Bitmap Index Scan on my_idx
                     Index Cond: (document OPERATOR(documentdb_api_catalog.@=) '{ "c" : [ { "d" : [ [ { "$numberInt" : "-1" }, { "$numberInt" : "1" }, { "$numberInt" : "2" } ] ] }, { "d" : [ [ { "$numberInt" : "0" }, { "$numberInt" : "1" }, { "$numberInt" : "2" } ] ] }, { "d" : [ [ { "$numberInt" : "0" }, { "$numberInt" : "1" }, { "$numberInt" : "7" } ] ] } ] }'::documentdb_core.bson)
(9 rows)

-- having numbers in fields is okay as long as it also has letters
EXPLAIN (COSTS OFF) SELECT object_id, document FROM documentdb_api.collection('db','wildcardreducedterms') WHERE document @@ '{ "c01" : { "$eq" : [ { "d": [[-1, 1, 2]] }, { "d": [[0, 1, 2]] }, { "d": [[0, 1, 7]] }] }}';
                                                                                                                                                                                              QUERY PLAN                                                                                                                                                                                              
---------------------------------------------------------------------
 Custom Scan (Citus Adaptive)
   Task Count: 1
   Tasks Shown: All
   ->  Task
         Node: host=localhost port=58070 dbname=regression
         ->  Bitmap Heap Scan on documents_56000_5600001 collection
               Recheck Cond: (document OPERATOR(documentdb_api_catalog.@=) '{ "c01" : [ { "d" : [ [ { "$numberInt" : "-1" }, { "$numberInt" : "1" }, { "$numberInt" : "2" } ] ] }, { "d" : [ [ { "$numberInt" : "0" }, { "$numberInt" : "1" }, { "$numberInt" : "2" } ] ] }, { "d" : [ [ { "$numberInt" : "0" }, { "$numberInt" : "1" }, { "$numberInt" : "7" } ] ] } ] }'::documentdb_core.bson)
               ->  Bitmap Index Scan on my_idx
                     Index Cond: (document OPERATOR(documentdb_api_catalog.@=) '{ "c01" : [ { "d" : [ [ { "$numberInt" : "-1" }, { "$numberInt" : "1" }, { "$numberInt" : "2" } ] ] }, { "d" : [ [ { "$numberInt" : "0" }, { "$numberInt" : "1" }, { "$numberInt" : "2" } ] ] }, { "d" : [ [ { "$numberInt" : "0" }, { "$numberInt" : "1" }, { "$numberInt" : "7" } ] ] } ] }'::documentdb_core.bson)
(9 rows)

EXPLAIN (COSTS OFF) SELECT object_id, document FROM documentdb_api.collection('db','wildcardreducedterms') WHERE document @@ '{ "c.d0af.e" : { "$eq" : [ { "d": [[-1, 1, 2]] }, { "d": [[0, 1, 2]] }, { "d": [[0, 1, 7]] }] }}';
                                                                                                                                                                                                QUERY PLAN                                                                                                                                                                                                 
---------------------------------------------------------------------
 Custom Scan (Citus Adaptive)
   Task Count: 1
   Tasks Shown: All
   ->  Task
         Node: host=localhost port=58070 dbname=regression
         ->  Bitmap Heap Scan on documents_56000_5600001 collection
               Recheck Cond: (document OPERATOR(documentdb_api_catalog.@=) '{ "c.d0af.e" : [ { "d" : [ [ { "$numberInt" : "-1" }, { "$numberInt" : "1" }, { "$numberInt" : "2" } ] ] }, { "d" : [ [ { "$numberInt" : "0" }, { "$numberInt" : "1" }, { "$numberInt" : "2" } ] ] }, { "d" : [ [ { "$numberInt" : "0" }, { "$numberInt" : "1" }, { "$numberInt" : "7" } ] ] } ] }'::documentdb_core.bson)
               ->  Bitmap Index Scan on my_idx
                     Index Cond: (document OPERATOR(documentdb_api_catalog.@=) '{ "c.d0af.e" : [ { "d" : [ [ { "$numberInt" : "-1" }, { "$numberInt" : "1" }, { "$numberInt" : "2" } ] ] }, { "d" : [ [ { "$numberInt" : "0" }, { "$numberInt" : "1" }, { "$numberInt" : "2" } ] ] }, { "d" : [ [ { "$numberInt" : "0" }, { "$numberInt" : "1" }, { "$numberInt" : "7" } ] ] } ] }'::documentdb_core.bson)
(9 rows)

-- these won't be pushed
EXPLAIN (COSTS OFF) SELECT object_id, document FROM documentdb_api.collection('db','wildcardreducedterms') WHERE document @@ '{ "c.0.d" : { "$eq" : [ [ -1, 1, 2 ] ] }}';
                                                                                         QUERY PLAN                                                                                         
---------------------------------------------------------------------
 Custom Scan (Citus Adaptive)
   Task Count: 1
   Tasks Shown: All
   ->  Task
         Node: host=localhost port=58070 dbname=regression
         ->  Bitmap Heap Scan on documents_56000_5600001 collection
               Recheck Cond: (shard_key_value = '56000'::bigint)
               Filter: (document OPERATOR(documentdb_api_catalog.@=) '{ "c.0.d" : [ [ { "$numberInt" : "-1" }, { "$numberInt" : "1" }, { "$numberInt" : "2" } ] ] }'::documentdb_core.bson)
               ->  Bitmap Index Scan on _id_
                     Index Cond: (shard_key_value = '56000'::bigint)
(10 rows)

EXPLAIN (COSTS OFF) SELECT object_id, document FROM documentdb_api.collection('db','wildcardreducedterms') WHERE document @@ '{ "c.0" : { "$eq" : { "d" : [ [ -1, 1, 2 ] ] } }}';
                                                                                             QUERY PLAN                                                                                             
---------------------------------------------------------------------
 Custom Scan (Citus Adaptive)
   Task Count: 1
   Tasks Shown: All
   ->  Task
         Node: host=localhost port=58070 dbname=regression
         ->  Bitmap Heap Scan on documents_56000_5600001 collection
               Recheck Cond: (shard_key_value = '56000'::bigint)
               Filter: (document OPERATOR(documentdb_api_catalog.@=) '{ "c.0" : { "d" : [ [ { "$numberInt" : "-1" }, { "$numberInt" : "1" }, { "$numberInt" : "2" } ] ] } }'::documentdb_core.bson)
               ->  Bitmap Index Scan on _id_
                     Index Cond: (shard_key_value = '56000'::bigint)
(10 rows)

