SET search_path TO documentdb_core,documentdb_api,documentdb_api_catalog,documentdb_api_internal;
SET citus.next_shard_id TO 4156000;
SET documentdb.next_collection_id TO 41560;
SET documentdb.next_collection_index_id TO 41560;
-- insert data
-- positive case
SELECT documentdb_api.insert_one('db','test1','{ "_id": 1, "name": "p1", "cost": 20, "date": { "$date": { "$numberLong": "1718841600001"}}}');
NOTICE:  creating collection
                              insert_one                              
---------------------------------------------------------------------
 { "n" : { "$numberInt" : "1" }, "ok" : { "$numberDouble" : "1.0" } }
(1 row)

SELECT documentdb_api.insert_one('db','test1','{ "_id": 2, "name": "p1", "cost": 22.4, "date": { "$date": { "$numberLong": "1718841600002" } } }');
                              insert_one                              
---------------------------------------------------------------------
 { "n" : { "$numberInt" : "1" }, "ok" : { "$numberDouble" : "1.0" } }
(1 row)

SELECT documentdb_api.insert_one('db','test1','{ "_id": 3, "name": "p1", "cost": 19, "date": { "$date": { "$numberLong": "1718841600003" } } }');
                              insert_one                              
---------------------------------------------------------------------
 { "n" : { "$numberInt" : "1" }, "ok" : { "$numberDouble" : "1.0" } }
(1 row)

SELECT documentdb_api.insert_one('db','test1','{ "_id": 4, "name": "p1", "cost": 18.7, "date": { "$date": { "$numberLong": "1718841600004"}} }');
                              insert_one                              
---------------------------------------------------------------------
 { "n" : { "$numberInt" : "1" }, "ok" : { "$numberDouble" : "1.0" } }
(1 row)

SELECT documentdb_api.insert_one('db','test1','{ "_id": 5, "name": "p2", "cost": 89, "date": { "$date": { "$numberLong": "1718841600001"}}}');
                              insert_one                              
---------------------------------------------------------------------
 { "n" : { "$numberInt" : "1" }, "ok" : { "$numberDouble" : "1.0" } }
(1 row)

SELECT documentdb_api.insert_one('db','test1','{ "_id": 6, "name": "p2", "cost": 101, "date": { "$date": { "$numberLong": "1718841600002" } } }');
                              insert_one                              
---------------------------------------------------------------------
 { "n" : { "$numberInt" : "1" }, "ok" : { "$numberDouble" : "1.0" } }
(1 row)

SELECT documentdb_api.insert_one('db','test1','{ "_id": 7, "name": "p2", "cost": 119, "date": { "$date": { "$numberLong": "1718841600003" } } }');
                              insert_one                              
---------------------------------------------------------------------
 { "n" : { "$numberInt" : "1" }, "ok" : { "$numberDouble" : "1.0" } }
(1 row)

SELECT documentdb_api.insert_one('db','test1','{ "_id": 8, "name": "p2", "cost": 104.3, "date": { "$date": { "$numberLong": "1718841600004"}} }');
                              insert_one                              
---------------------------------------------------------------------
 { "n" : { "$numberInt" : "1" }, "ok" : { "$numberDouble" : "1.0" } }
(1 row)

SELECT document FROM documentdb_api_catalog.bson_aggregation_pipeline('db', '{ "aggregate": "test1", "pipeline": [ { "$setWindowFields": { "partitionBy": "$name", "sortBy": {"date": 1}, "output":{"expMovingAvgForCost": { "$expMovingAvg":{"input": "$cost", "N": 2} } } } } ] }');
                                                                                                                   document                                                                                                                   
---------------------------------------------------------------------
 { "_id" : { "$numberInt" : "1" }, "name" : "p1", "cost" : { "$numberInt" : "20" }, "date" : { "$date" : { "$numberLong" : "1718841600001" } }, "expMovingAvgForCost" : { "$numberInt" : "20" } }
 { "_id" : { "$numberInt" : "2" }, "name" : "p1", "cost" : { "$numberDouble" : "22.399999999999998579" }, "date" : { "$date" : { "$numberLong" : "1718841600002" } }, "expMovingAvgForCost" : { "$numberDouble" : "21.600000000000001421" } }
 { "_id" : { "$numberInt" : "3" }, "name" : "p1", "cost" : { "$numberInt" : "19" }, "date" : { "$date" : { "$numberLong" : "1718841600003" } }, "expMovingAvgForCost" : { "$numberDouble" : "19.86666666666666714" } }
 { "_id" : { "$numberInt" : "4" }, "name" : "p1", "cost" : { "$numberDouble" : "18.699999999999999289" }, "date" : { "$date" : { "$numberLong" : "1718841600004" } }, "expMovingAvgForCost" : { "$numberDouble" : "19.088888888888899231" } }
 { "_id" : { "$numberInt" : "5" }, "name" : "p2", "cost" : { "$numberInt" : "89" }, "date" : { "$date" : { "$numberLong" : "1718841600001" } }, "expMovingAvgForCost" : { "$numberInt" : "89" } }
 { "_id" : { "$numberInt" : "6" }, "name" : "p2", "cost" : { "$numberInt" : "101" }, "date" : { "$date" : { "$numberLong" : "1718841600002" } }, "expMovingAvgForCost" : { "$numberInt" : "97" } }
 { "_id" : { "$numberInt" : "7" }, "name" : "p2", "cost" : { "$numberInt" : "119" }, "date" : { "$date" : { "$numberLong" : "1718841600003" } }, "expMovingAvgForCost" : { "$numberDouble" : "111.6666666666666714" } }
 { "_id" : { "$numberInt" : "8" }, "name" : "p2", "cost" : { "$numberDouble" : "104.29999999999999716" }, "date" : { "$date" : { "$numberLong" : "1718841600004" } }, "expMovingAvgForCost" : { "$numberDouble" : "106.75555555555567366" } }
(8 rows)

SELECT document FROM documentdb_api_catalog.bson_aggregation_pipeline('db', '{ "aggregate": "test1", "pipeline": [ { "$setWindowFields": { "partitionBy": "$name", "sortBy": {"date": 1}, "output":{"expMovingAvgForCost": { "$expMovingAvg":{"input": "$cost", "alpha": 0.666} } } } } ] }');
                                                                                                                   document                                                                                                                   
---------------------------------------------------------------------
 { "_id" : { "$numberInt" : "1" }, "name" : "p1", "cost" : { "$numberInt" : "20" }, "date" : { "$date" : { "$numberLong" : "1718841600001" } }, "expMovingAvgForCost" : { "$numberInt" : "20" } }
 { "_id" : { "$numberInt" : "2" }, "name" : "p1", "cost" : { "$numberDouble" : "22.399999999999998579" }, "date" : { "$date" : { "$numberLong" : "1718841600002" } }, "expMovingAvgForCost" : { "$numberDouble" : "21.598400000000001597" } }
 { "_id" : { "$numberInt" : "3" }, "name" : "p1", "cost" : { "$numberInt" : "19" }, "date" : { "$date" : { "$numberLong" : "1718841600003" } }, "expMovingAvgForCost" : { "$numberDouble" : "19.867865599999998238" } }
 { "_id" : { "$numberInt" : "4" }, "name" : "p1", "cost" : { "$numberDouble" : "18.699999999999999289" }, "date" : { "$date" : { "$numberLong" : "1718841600004" } }, "expMovingAvgForCost" : { "$numberDouble" : "19.090067110399999706" } }
 { "_id" : { "$numberInt" : "5" }, "name" : "p2", "cost" : { "$numberInt" : "89" }, "date" : { "$date" : { "$numberLong" : "1718841600001" } }, "expMovingAvgForCost" : { "$numberInt" : "89" } }
 { "_id" : { "$numberInt" : "6" }, "name" : "p2", "cost" : { "$numberInt" : "101" }, "date" : { "$date" : { "$numberLong" : "1718841600002" } }, "expMovingAvgForCost" : { "$numberDouble" : "96.992000000000004434" } }
 { "_id" : { "$numberInt" : "7" }, "name" : "p2", "cost" : { "$numberInt" : "119" }, "date" : { "$date" : { "$numberLong" : "1718841600003" } }, "expMovingAvgForCost" : { "$numberDouble" : "111.64932799999999702" } }
 { "_id" : { "$numberInt" : "8" }, "name" : "p2", "cost" : { "$numberDouble" : "104.29999999999999716" }, "date" : { "$date" : { "$numberLong" : "1718841600004" } }, "expMovingAvgForCost" : { "$numberDouble" : "106.75467555199999481" } }
(8 rows)

-- N is long
SELECT document FROM documentdb_api_catalog.bson_aggregation_pipeline('db', '{ "aggregate": "test1", "pipeline": [ { "$setWindowFields": { "partitionBy": "$name", "sortBy": {"date": 1}, "output":{"expMovingAvgForCost": { "$expMovingAvg":{"input": "$cost", "N": 12345678901234} } } } } ] }');
                                                                                                                   document                                                                                                                   
---------------------------------------------------------------------
 { "_id" : { "$numberInt" : "1" }, "name" : "p1", "cost" : { "$numberInt" : "20" }, "date" : { "$date" : { "$numberLong" : "1718841600001" } }, "expMovingAvgForCost" : { "$numberInt" : "20" } }
 { "_id" : { "$numberInt" : "2" }, "name" : "p1", "cost" : { "$numberDouble" : "22.399999999999998579" }, "date" : { "$date" : { "$numberLong" : "1718841600002" } }, "expMovingAvgForCost" : { "$numberDouble" : "20.000000000000387246" } }
 { "_id" : { "$numberInt" : "3" }, "name" : "p1", "cost" : { "$numberInt" : "19" }, "date" : { "$date" : { "$numberLong" : "1718841600003" } }, "expMovingAvgForCost" : { "$numberDouble" : "20.000000000000238032" } }
 { "_id" : { "$numberInt" : "4" }, "name" : "p1", "cost" : { "$numberDouble" : "18.699999999999999289" }, "date" : { "$date" : { "$numberLong" : "1718841600004" } }, "expMovingAvgForCost" : { "$numberDouble" : "19.999999999999989342" } }
 { "_id" : { "$numberInt" : "5" }, "name" : "p2", "cost" : { "$numberInt" : "89" }, "date" : { "$date" : { "$numberLong" : "1718841600001" } }, "expMovingAvgForCost" : { "$numberInt" : "89" } }
 { "_id" : { "$numberInt" : "6" }, "name" : "p2", "cost" : { "$numberInt" : "101" }, "date" : { "$date" : { "$numberLong" : "1718841600002" } }, "expMovingAvgForCost" : { "$numberDouble" : "89.000000000001946887" } }
 { "_id" : { "$numberInt" : "7" }, "name" : "p2", "cost" : { "$numberInt" : "119" }, "date" : { "$date" : { "$numberLong" : "1718841600003" } }, "expMovingAvgForCost" : { "$numberDouble" : "89.000000000006764367" } }
 { "_id" : { "$numberInt" : "8" }, "name" : "p2", "cost" : { "$numberDouble" : "104.29999999999999716" }, "date" : { "$date" : { "$numberLong" : "1718841600004" } }, "expMovingAvgForCost" : { "$numberDouble" : "89.000000000009279688" } }
(8 rows)

-- negative case
-- no sortBy
SELECT document FROM documentdb_api_catalog.bson_aggregation_pipeline('db', '{ "aggregate": "test1", "pipeline": [ { "$setWindowFields": { "partitionBy": "$name", "output":{"expMovingAvgForCost": { "$expMovingAvg":{"input": "$cost", "N": 2} } } } } ] }');
ERROR:  'sortBy' parameters must be specified for $shift
-- alpha and N all exist
SELECT document FROM documentdb_api_catalog.bson_aggregation_pipeline('db', '{ "aggregate": "test1", "pipeline": [ { "$setWindowFields": { "partitionBy": "$name", "sortBy": {"date": 1}, "output":{"expMovingAvgForCost": { "$expMovingAvg":{"input": "$cost", "alpha": 0.666, "N": 2} } } } } ] }');
ERROR:  The $expMovingAvg sub-object must contain exactly two specific fields: one labeled 'input', and the other either labeled 'N' or 'alpha'.
-- miss input
SELECT document FROM documentdb_api_catalog.bson_aggregation_pipeline('db', '{ "aggregate": "test1", "pipeline": [ { "$setWindowFields": { "partitionBy": "$name", "sortBy": {"date": 1}, "output":{"expMovingAvgForCost": { "$expMovingAvg":{"alpha": 0.666, "N": 2} } } } } ] }');
ERROR:  The $expMovingAvg sub-object must contain exactly two specific fields: one labeled 'input', and the other either labeled 'N' or 'alpha'.
-- miss alpha and N
SELECT document FROM documentdb_api_catalog.bson_aggregation_pipeline('db', '{ "aggregate": "test1", "pipeline": [ { "$setWindowFields": { "partitionBy": "$name", "sortBy": {"date": 1}, "output":{"expMovingAvgForCost": { "$expMovingAvg":{"input": "$cost"} } } } } ] }');
ERROR:  The $expMovingAvg sub-object must contain exactly two specific fields: one labeled 'input', and the other either labeled 'N' or 'alpha'.
-- incorrect parameter
SELECT document FROM documentdb_api_catalog.bson_aggregation_pipeline('db', '{ "aggregate": "test1", "pipeline": [ { "$setWindowFields": { "partitionBy": "$name", "sortBy": {"date": 1}, "output":{"expMovingAvgForCost": { "$expMovingAvg":{"input": "$cost", "alpah": 0.666} } } } } ] }');
ERROR:  Got unrecognized field in $expMovingAvg, The $expMovingAvg sub-object must contain exactly two specific fields: one labeled 'input', and the other either labeled 'N' or 'alpha'.
SELECT document FROM documentdb_api_catalog.bson_aggregation_pipeline('db', '{ "aggregate": "test1", "pipeline": [ { "$setWindowFields": { "partitionBy": "$name", "sortBy": {"date": 1}, "output":{"expMovingAvgForCost": { "$expMovingAvg":{"input": "$cost", "M": 2} } } } } ] }');
ERROR:  Got unrecognized field in $expMovingAvg, The $expMovingAvg sub-object must contain exactly two specific fields: one labeled 'input', and the other either labeled 'N' or 'alpha'.
-- N is float
SELECT document FROM documentdb_api_catalog.bson_aggregation_pipeline('db', '{ "aggregate": "test1", "pipeline": [ { "$setWindowFields": { "partitionBy": "$name", "sortBy": {"date": 1}, "output":{"expMovingAvgForCost": { "$expMovingAvg":{"input": "$cost", "N": 2.3} } } } } ] }');
ERROR:  The 'N' field is required to be an integer value, but instead a floating-point number was provided as N: 2.300000; to specify a non-integer, please use the 'alpha' argument.
-- alpha >= 1
SELECT document FROM documentdb_api_catalog.bson_aggregation_pipeline('db', '{ "aggregate": "test1", "pipeline": [ { "$setWindowFields": { "partitionBy": "$name", "sortBy": {"date": 1}, "output":{"expMovingAvgForCost": { "$expMovingAvg":{"input": "$cost", "alpha": 2} } } } } ] }');
ERROR:  The value of 'alpha' must lie strictly between 0 and 1 (not inclusive), but the provided alpha is: 2.000000
-- alpha <= 0
SELECT document FROM documentdb_api_catalog.bson_aggregation_pipeline('db', '{ "aggregate": "test1", "pipeline": [ { "$setWindowFields": { "partitionBy": "$name", "sortBy": {"date": 1}, "output":{"expMovingAvgForCost": { "$expMovingAvg":{"input": "$cost", "alpha": -2.8} } } } } ] }');
ERROR:  The value of 'alpha' must lie strictly between 0 and 1 (not inclusive), but the provided alpha is: -2.800000
-- data contains null
SELECT documentdb_api.insert_one('db','test2','{ "_id": 1, "name": "p1", "cost": 20, "date": { "$date": { "$numberLong": "1718841600001"}}}');
NOTICE:  creating collection
                              insert_one                              
---------------------------------------------------------------------
 { "n" : { "$numberInt" : "1" }, "ok" : { "$numberDouble" : "1.0" } }
(1 row)

SELECT documentdb_api.insert_one('db','test2','{ "_id": 2, "name": "p1", "cost": null, "date": { "$date": { "$numberLong": "1718841600002" } } }');
                              insert_one                              
---------------------------------------------------------------------
 { "n" : { "$numberInt" : "1" }, "ok" : { "$numberDouble" : "1.0" } }
(1 row)

SELECT documentdb_api.insert_one('db','test2','{ "_id": 3, "name": "p1", "cost": 19, "date": { "$date": { "$numberLong": "1718841600003" } } }');
                              insert_one                              
---------------------------------------------------------------------
 { "n" : { "$numberInt" : "1" }, "ok" : { "$numberDouble" : "1.0" } }
(1 row)

SELECT documentdb_api.insert_one('db','test2','{ "_id": 4, "name": "p1", "cost": 18.7, "date": { "$date": { "$numberLong": "1718841600004"}} }');
                              insert_one                              
---------------------------------------------------------------------
 { "n" : { "$numberInt" : "1" }, "ok" : { "$numberDouble" : "1.0" } }
(1 row)

SELECT documentdb_api.insert_one('db','test2','{ "_id": 5, "name": "p2", "cost": null, "date": { "$date": { "$numberLong": "1718841600001"}}}');
                              insert_one                              
---------------------------------------------------------------------
 { "n" : { "$numberInt" : "1" }, "ok" : { "$numberDouble" : "1.0" } }
(1 row)

SELECT documentdb_api.insert_one('db','test2','{ "_id": 6, "name": "p2", "cost": 101, "date": { "$date": { "$numberLong": "1718841600002" } } }');
                              insert_one                              
---------------------------------------------------------------------
 { "n" : { "$numberInt" : "1" }, "ok" : { "$numberDouble" : "1.0" } }
(1 row)

SELECT documentdb_api.insert_one('db','test2','{ "_id": 7, "name": "p2", "cost": 119, "date": { "$date": { "$numberLong": "1718841600003" } } }');
                              insert_one                              
---------------------------------------------------------------------
 { "n" : { "$numberInt" : "1" }, "ok" : { "$numberDouble" : "1.0" } }
(1 row)

SELECT documentdb_api.insert_one('db','test2','{ "_id": 8, "name": "p2", "cost": 104.3, "date": { "$date": { "$numberLong": "1718841600004"}} }');
                              insert_one                              
---------------------------------------------------------------------
 { "n" : { "$numberInt" : "1" }, "ok" : { "$numberDouble" : "1.0" } }
(1 row)

SELECT document FROM documentdb_api_catalog.bson_aggregation_pipeline('db', '{ "aggregate": "test2", "pipeline": [ { "$setWindowFields": { "partitionBy": "$name", "sortBy": {"date": 1}, "output":{"expMovingAvgForCost": { "$expMovingAvg":{"input": "$cost", "N": 2} } } } } ] }');
                                                                                                                   document                                                                                                                   
---------------------------------------------------------------------
 { "_id" : { "$numberInt" : "1" }, "name" : "p1", "cost" : { "$numberInt" : "20" }, "date" : { "$date" : { "$numberLong" : "1718841600001" } }, "expMovingAvgForCost" : { "$numberInt" : "20" } }
 { "_id" : { "$numberInt" : "2" }, "name" : "p1", "cost" : null, "date" : { "$date" : { "$numberLong" : "1718841600002" } }, "expMovingAvgForCost" : null }
 { "_id" : { "$numberInt" : "3" }, "name" : "p1", "cost" : { "$numberInt" : "19" }, "date" : { "$date" : { "$numberLong" : "1718841600003" } }, "expMovingAvgForCost" : { "$numberDouble" : "19.333333333333332149" } }
 { "_id" : { "$numberInt" : "4" }, "name" : "p1", "cost" : { "$numberDouble" : "18.699999999999999289" }, "date" : { "$date" : { "$numberLong" : "1718841600004" } }, "expMovingAvgForCost" : { "$numberDouble" : "18.911111111111100769" } }
 { "_id" : { "$numberInt" : "5" }, "name" : "p2", "cost" : null, "date" : { "$date" : { "$numberLong" : "1718841600001" } }, "expMovingAvgForCost" : null }
 { "_id" : { "$numberInt" : "6" }, "name" : "p2", "cost" : { "$numberInt" : "101" }, "date" : { "$date" : { "$numberLong" : "1718841600002" } }, "expMovingAvgForCost" : { "$numberInt" : "101" } }
 { "_id" : { "$numberInt" : "7" }, "name" : "p2", "cost" : { "$numberInt" : "119" }, "date" : { "$date" : { "$numberLong" : "1718841600003" } }, "expMovingAvgForCost" : { "$numberInt" : "113" } }
 { "_id" : { "$numberInt" : "8" }, "name" : "p2", "cost" : { "$numberDouble" : "104.29999999999999716" }, "date" : { "$date" : { "$numberLong" : "1718841600004" } }, "expMovingAvgForCost" : { "$numberDouble" : "107.20000000000000284" } }
(8 rows)

SELECT document FROM documentdb_api_catalog.bson_aggregation_pipeline('db', '{ "aggregate": "test2", "pipeline": [ { "$setWindowFields": { "partitionBy": "$name", "sortBy": {"date": 1}, "output":{"expMovingAvgForCost": { "$expMovingAvg":{"input": "$cost", "alpha": 0.666} } } } } ] }');
                                                                                                                   document                                                                                                                   
---------------------------------------------------------------------
 { "_id" : { "$numberInt" : "1" }, "name" : "p1", "cost" : { "$numberInt" : "20" }, "date" : { "$date" : { "$numberLong" : "1718841600001" } }, "expMovingAvgForCost" : { "$numberInt" : "20" } }
 { "_id" : { "$numberInt" : "2" }, "name" : "p1", "cost" : null, "date" : { "$date" : { "$numberLong" : "1718841600002" } }, "expMovingAvgForCost" : null }
 { "_id" : { "$numberInt" : "3" }, "name" : "p1", "cost" : { "$numberInt" : "19" }, "date" : { "$date" : { "$numberLong" : "1718841600003" } }, "expMovingAvgForCost" : { "$numberDouble" : "19.333999999999999631" } }
 { "_id" : { "$numberInt" : "4" }, "name" : "p1", "cost" : { "$numberDouble" : "18.699999999999999289" }, "date" : { "$date" : { "$numberLong" : "1718841600004" } }, "expMovingAvgForCost" : { "$numberDouble" : "18.911756000000000455" } }
 { "_id" : { "$numberInt" : "5" }, "name" : "p2", "cost" : null, "date" : { "$date" : { "$numberLong" : "1718841600001" } }, "expMovingAvgForCost" : null }
 { "_id" : { "$numberInt" : "6" }, "name" : "p2", "cost" : { "$numberInt" : "101" }, "date" : { "$date" : { "$numberLong" : "1718841600002" } }, "expMovingAvgForCost" : { "$numberInt" : "101" } }
 { "_id" : { "$numberInt" : "7" }, "name" : "p2", "cost" : { "$numberInt" : "119" }, "date" : { "$date" : { "$numberLong" : "1718841600003" } }, "expMovingAvgForCost" : { "$numberDouble" : "112.98799999999999955" } }
 { "_id" : { "$numberInt" : "8" }, "name" : "p2", "cost" : { "$numberDouble" : "104.29999999999999716" }, "date" : { "$date" : { "$numberLong" : "1718841600004" } }, "expMovingAvgForCost" : { "$numberDouble" : "107.20179199999999753" } }
(8 rows)

-- input contains string
SELECT documentdb_api.insert_one('db','test3','{ "_id": 1, "name": "p1", "cost": "asd", "date": { "$date": { "$numberLong": "1718841600001"}}}');
NOTICE:  creating collection
                              insert_one                              
---------------------------------------------------------------------
 { "n" : { "$numberInt" : "1" }, "ok" : { "$numberDouble" : "1.0" } }
(1 row)

SELECT documentdb_api.insert_one('db','test3','{ "_id": 2, "name": "p1", "cost": 22.4, "date": { "$date": { "$numberLong": "1718841600002" } } }');
                              insert_one                              
---------------------------------------------------------------------
 { "n" : { "$numberInt" : "1" }, "ok" : { "$numberDouble" : "1.0" } }
(1 row)

SELECT documentdb_api.insert_one('db','test3','{ "_id": 3, "name": "p1", "cost": 19, "date": { "$date": { "$numberLong": "1718841600003" } } }');
                              insert_one                              
---------------------------------------------------------------------
 { "n" : { "$numberInt" : "1" }, "ok" : { "$numberDouble" : "1.0" } }
(1 row)

SELECT documentdb_api.insert_one('db','test3','{ "_id": 4, "name": "p1", "cost": "zxc", "date": { "$date": { "$numberLong": "1718841600004"}} }');
                              insert_one                              
---------------------------------------------------------------------
 { "n" : { "$numberInt" : "1" }, "ok" : { "$numberDouble" : "1.0" } }
(1 row)

SELECT documentdb_api.insert_one('db','test3','{ "_id": 5, "name": "p2", "cost": 89, "date": { "$date": { "$numberLong": "1718841600001"}}}');
                              insert_one                              
---------------------------------------------------------------------
 { "n" : { "$numberInt" : "1" }, "ok" : { "$numberDouble" : "1.0" } }
(1 row)

SELECT documentdb_api.insert_one('db','test3','{ "_id": 6, "name": "p2", "cost": "qwe", "date": { "$date": { "$numberLong": "1718841600002" } } }');
                              insert_one                              
---------------------------------------------------------------------
 { "n" : { "$numberInt" : "1" }, "ok" : { "$numberDouble" : "1.0" } }
(1 row)

SELECT documentdb_api.insert_one('db','test3','{ "_id": 7, "name": "p2", "cost": 119, "date": { "$date": { "$numberLong": "1718841600003" } } }');
                              insert_one                              
---------------------------------------------------------------------
 { "n" : { "$numberInt" : "1" }, "ok" : { "$numberDouble" : "1.0" } }
(1 row)

SELECT documentdb_api.insert_one('db','test3','{ "_id": 8, "name": "p2", "cost": "vbn", "date": { "$date": { "$numberLong": "1718841600004"}} }');
                              insert_one                              
---------------------------------------------------------------------
 { "n" : { "$numberInt" : "1" }, "ok" : { "$numberDouble" : "1.0" } }
(1 row)

SELECT document FROM documentdb_api_catalog.bson_aggregation_pipeline('db', '{ "aggregate": "test3", "pipeline": [ { "$setWindowFields": { "partitionBy": "$name", "sortBy": {"date": 1}, "output":{"expMovingAvgForCost": { "$expMovingAvg":{"input": "$cost", "N": 2} } } } } ] }');
                                                                                                                   document                                                                                                                   
---------------------------------------------------------------------
 { "_id" : { "$numberInt" : "1" }, "name" : "p1", "cost" : "asd", "date" : { "$date" : { "$numberLong" : "1718841600001" } }, "expMovingAvgForCost" : null }
 { "_id" : { "$numberInt" : "2" }, "name" : "p1", "cost" : { "$numberDouble" : "22.399999999999998579" }, "date" : { "$date" : { "$numberLong" : "1718841600002" } }, "expMovingAvgForCost" : { "$numberDouble" : "22.399999999999998579" } }
 { "_id" : { "$numberInt" : "3" }, "name" : "p1", "cost" : { "$numberInt" : "19" }, "date" : { "$date" : { "$numberLong" : "1718841600003" } }, "expMovingAvgForCost" : { "$numberDouble" : "20.13333333333333286" } }
 { "_id" : { "$numberInt" : "4" }, "name" : "p1", "cost" : "zxc", "date" : { "$date" : { "$numberLong" : "1718841600004" } }, "expMovingAvgForCost" : null }
 { "_id" : { "$numberInt" : "5" }, "name" : "p2", "cost" : { "$numberInt" : "89" }, "date" : { "$date" : { "$numberLong" : "1718841600001" } }, "expMovingAvgForCost" : { "$numberInt" : "89" } }
 { "_id" : { "$numberInt" : "6" }, "name" : "p2", "cost" : "qwe", "date" : { "$date" : { "$numberLong" : "1718841600002" } }, "expMovingAvgForCost" : null }
 { "_id" : { "$numberInt" : "7" }, "name" : "p2", "cost" : { "$numberInt" : "119" }, "date" : { "$date" : { "$numberLong" : "1718841600003" } }, "expMovingAvgForCost" : { "$numberInt" : "109" } }
 { "_id" : { "$numberInt" : "8" }, "name" : "p2", "cost" : "vbn", "date" : { "$date" : { "$numberLong" : "1718841600004" } }, "expMovingAvgForCost" : null }
(8 rows)

SELECT document FROM documentdb_api_catalog.bson_aggregation_pipeline('db', '{ "aggregate": "test3", "pipeline": [ { "$setWindowFields": { "partitionBy": "$name", "sortBy": {"date": 1}, "output":{"expMovingAvgForCost": { "$expMovingAvg":{"input": "$cost", "alpha": 0.666} } } } } ] }');
                                                                                                                   document                                                                                                                   
---------------------------------------------------------------------
 { "_id" : { "$numberInt" : "1" }, "name" : "p1", "cost" : "asd", "date" : { "$date" : { "$numberLong" : "1718841600001" } }, "expMovingAvgForCost" : null }
 { "_id" : { "$numberInt" : "2" }, "name" : "p1", "cost" : { "$numberDouble" : "22.399999999999998579" }, "date" : { "$date" : { "$numberLong" : "1718841600002" } }, "expMovingAvgForCost" : { "$numberDouble" : "22.399999999999998579" } }
 { "_id" : { "$numberInt" : "3" }, "name" : "p1", "cost" : { "$numberInt" : "19" }, "date" : { "$date" : { "$numberLong" : "1718841600003" } }, "expMovingAvgForCost" : { "$numberDouble" : "20.135600000000000165" } }
 { "_id" : { "$numberInt" : "4" }, "name" : "p1", "cost" : "zxc", "date" : { "$date" : { "$numberLong" : "1718841600004" } }, "expMovingAvgForCost" : null }
 { "_id" : { "$numberInt" : "5" }, "name" : "p2", "cost" : { "$numberInt" : "89" }, "date" : { "$date" : { "$numberLong" : "1718841600001" } }, "expMovingAvgForCost" : { "$numberInt" : "89" } }
 { "_id" : { "$numberInt" : "6" }, "name" : "p2", "cost" : "qwe", "date" : { "$date" : { "$numberLong" : "1718841600002" } }, "expMovingAvgForCost" : null }
 { "_id" : { "$numberInt" : "7" }, "name" : "p2", "cost" : { "$numberInt" : "119" }, "date" : { "$date" : { "$numberLong" : "1718841600003" } }, "expMovingAvgForCost" : { "$numberDouble" : "108.98000000000000398" } }
 { "_id" : { "$numberInt" : "8" }, "name" : "p2", "cost" : "vbn", "date" : { "$date" : { "$numberLong" : "1718841600004" } }, "expMovingAvgForCost" : null }
(8 rows)

