-- will move to bson_aggregation_pipeline_stage_setWindowFields.sql and remove this file after window operator is done, just like $stddevopo did
SET search_path TO documentdb_core,documentdb_api,documentdb_api_catalog,documentdb_api_internal;
SET citus.next_shard_id TO 1033000;
SET documentdb.next_collection_id TO 10330;
SET documentdb.next_collection_index_id TO 10330;
SELECT documentdb_api.insert_one('db','testPercentileAndMedian',' { "_id" : 1, "group": 1, "dataVal": 111, "dataVal2": 111, "dataVal3": {"$numberDecimal": "111"}, "dataVal4": 111, "dataVal5": NaN }', NULL);
NOTICE:  creating collection
                              insert_one                              
---------------------------------------------------------------------
 { "n" : { "$numberInt" : "1" }, "ok" : { "$numberDouble" : "1.0" } }
(1 row)

SELECT documentdb_api.insert_one('db','testPercentileAndMedian',' { "_id" : 2, "group": 1, "dataVal": 11, "dataVal2": 11, "dataVal3": {"$numberDecimal": "11"}, "dataVal4": 11, "dataVal5": Infinity }', NULL);
                              insert_one                              
---------------------------------------------------------------------
 { "n" : { "$numberInt" : "1" }, "ok" : { "$numberDouble" : "1.0" } }
(1 row)

SELECT documentdb_api.insert_one('db','testPercentileAndMedian',' { "_id" : 3, "group": 1, "dataVal": 11111, "dataVal2": "string", "dataVal3": {"$numberDecimal": "11111"}, "dataVal4": {"$numberDecimal": "2E+310"}, "dataVal5": Infinity }', NULL);
                              insert_one                              
---------------------------------------------------------------------
 { "n" : { "$numberInt" : "1" }, "ok" : { "$numberDouble" : "1.0" } }
(1 row)

SELECT documentdb_api.insert_one('db','testPercentileAndMedian',' { "_id" : 4, "group": 1, "dataVal": 1, "dataVal2": 1, "dataVal3": {"$numberDecimal": "1"}, "dataVal4": 1, "dataVal5": -Infinity }', NULL);
                              insert_one                              
---------------------------------------------------------------------
 { "n" : { "$numberInt" : "1" }, "ok" : { "$numberDouble" : "1.0" } }
(1 row)

SELECT documentdb_api.insert_one('db','testPercentileAndMedian',' { "_id" : 5, "group": 1, "dataVal": 1111, "dataVal2": 1111, "dataVal3": {"$numberDecimal": "1111"}, "dataVal4": 1111, "dataVal5": NaN }', NULL);
                              insert_one                              
---------------------------------------------------------------------
 { "n" : { "$numberInt" : "1" }, "ok" : { "$numberDouble" : "1.0" } }
(1 row)

-- positive test case for percentile
SELECT document FROM documentdb_api_catalog.bson_aggregation_pipeline('db', '{ "aggregate": "testPercentileAndMedian", "pipeline": [ { "$group": { "_id": "$group", "percentileVal": { "$percentile": { "input": "$dataVal", "p": [ 0.95 ], "method": "approximate" } } } } ] }');
                                         document                                          
---------------------------------------------------------------------
 { "_id" : { "$numberInt" : "1" }, "percentileVal" : [ { "$numberDouble" : "11111.0" } ] }
(1 row)

SELECT document FROM documentdb_api_catalog.bson_aggregation_pipeline('db', '{ "aggregate": "testPercentileAndMedian", "pipeline": [ { "$group": { "_id": "$group", "percentileVal": { "$percentile": { "input": "$dataVal", "p": [ 0.95, 0.5 ], "method": "approximate" } } } } ] }');
                                                         document                                                         
---------------------------------------------------------------------
 { "_id" : { "$numberInt" : "1" }, "percentileVal" : [ { "$numberDouble" : "11111.0" }, { "$numberDouble" : "111.0" } ] }
(1 row)

SELECT document FROM documentdb_api_catalog.bson_aggregation_pipeline('db', '{ "aggregate": "testPercentileAndMedian", "pipeline": [ { "$group": { "_id": "$group", "percentileVal": { "$percentile": { "input": null, "p": [ 0.95 ], "method": "approximate" } } } } ] }');
                            document                            
---------------------------------------------------------------------
 { "_id" : { "$numberInt" : "1" }, "percentileVal" : [ null ] }
(1 row)

-- contain non-numeric value
SELECT document FROM documentdb_api_catalog.bson_aggregation_pipeline('db', '{ "aggregate": "testPercentileAndMedian", "pipeline": [ { "$group": { "_id": "$group", "percentileVal": { "$percentile": { "input": "$dataVal2", "p": [ 0.95 ], "method": "approximate" } } } } ] }');
                                         document                                         
---------------------------------------------------------------------
 { "_id" : { "$numberInt" : "1" }, "percentileVal" : [ { "$numberDouble" : "1111.0" } ] }
(1 row)

SELECT document FROM documentdb_api_catalog.bson_aggregation_pipeline('db', '{ "aggregate": "testPercentileAndMedian", "pipeline": [ { "$group": { "_id": "$group", "percentileVal": { "$percentile": { "input": "$dataVal2", "p": [ 0.95, 0.5 ], "method": "approximate" } } } } ] }');
                                                        document                                                        
---------------------------------------------------------------------
 { "_id" : { "$numberInt" : "1" }, "percentileVal" : [ { "$numberDouble" : "1111.0" }, { "$numberDouble" : "11.0" } ] }
(1 row)

-- contain decimal value
SELECT document FROM documentdb_api_catalog.bson_aggregation_pipeline('db', '{ "aggregate": "testPercentileAndMedian", "pipeline": [ { "$group": { "_id": "$group", "percentileVal": { "$percentile": { "input": "$dataVal3", "p": [ 0.95 ], "method": "approximate" } } } } ] }');
                                         document                                          
---------------------------------------------------------------------
 { "_id" : { "$numberInt" : "1" }, "percentileVal" : [ { "$numberDouble" : "11111.0" } ] }
(1 row)

SELECT document FROM documentdb_api_catalog.bson_aggregation_pipeline('db', '{ "aggregate": "testPercentileAndMedian", "pipeline": [ { "$group": { "_id": "$group", "percentileVal": { "$percentile": { "input": "$dataVal3", "p": [ 0.95, 0.5 ], "method": "approximate" } } } } ] }');
                                                         document                                                         
---------------------------------------------------------------------
 { "_id" : { "$numberInt" : "1" }, "percentileVal" : [ { "$numberDouble" : "11111.0" }, { "$numberDouble" : "111.0" } ] }
(1 row)

-- data value exceeds double range taken as infinity
SELECT document FROM documentdb_api_catalog.bson_aggregation_pipeline('db', '{ "aggregate": "testPercentileAndMedian", "pipeline": [ { "$group": { "_id": "$group", "percentileVal": { "$percentile": { "input": "$dataVal4", "p": [ 0.95 ], "method": "approximate" } } } } ] }');
                                          document                                          
---------------------------------------------------------------------
 { "_id" : { "$numberInt" : "1" }, "percentileVal" : [ { "$numberDouble" : "Infinity" } ] }
(1 row)

-- handle NaN and Infinity values
SELECT document FROM documentdb_api_catalog.bson_aggregation_pipeline('db', '{ "aggregate": "testPercentileAndMedian", "pipeline": [ { "$group": { "_id": "$group", "percentileVal": { "$percentile": { "input": "$dataVal5", "p": [ 1, 0, 0.1, 0.9, 0.4 ], "method": "approximate" } } } } ] }');
                                                                                                               document                                                                                                               
---------------------------------------------------------------------
 { "_id" : { "$numberInt" : "1" }, "percentileVal" : [ { "$numberDouble" : "Infinity" }, { "$numberDouble" : "-Infinity" }, { "$numberDouble" : "-Infinity" }, { "$numberDouble" : "Infinity" }, { "$numberDouble" : "Infinity" } ] }
(1 row)

-- with $let
SELECT document FROM documentdb_api_catalog.bson_aggregation_pipeline('db', '{ "aggregate": "testPercentileAndMedian", "pipeline": [{"$group": {"_id": null,"percentileVal": {"$percentile": {"p": "$$ps", "input": "$dataVal","method": "approximate"}}}}], "let": {"ps": [0.95, 0.5]}}');
                                                document                                                
---------------------------------------------------------------------
 { "_id" : null, "percentileVal" : [ { "$numberDouble" : "11111.0" }, { "$numberDouble" : "111.0" } ] }
(1 row)

-- positive test case for median
SELECT document FROM documentdb_api_catalog.bson_aggregation_pipeline('db', '{ "aggregate": "testPercentileAndMedian", "pipeline": [ { "$group": { "_id": "$group", "medianVal": { "$median": { "input": "$dataVal", "method": "approximate" } } } } ] }');
                                    document                                     
---------------------------------------------------------------------
 { "_id" : { "$numberInt" : "1" }, "medianVal" : { "$numberDouble" : "111.0" } }
(1 row)

SELECT document FROM documentdb_api_catalog.bson_aggregation_pipeline('db', '{ "aggregate": "testPercentileAndMedian", "pipeline": [ { "$group": { "_id": "$group", "medianVal": { "$median": { "input": null, "method": "approximate" } } } } ] }');
                        document                        
---------------------------------------------------------------------
 { "_id" : { "$numberInt" : "1" }, "medianVal" : null }
(1 row)

-- contain non-numeric value
SELECT document FROM documentdb_api_catalog.bson_aggregation_pipeline('db', '{ "aggregate": "testPercentileAndMedian", "pipeline": [ { "$group": { "_id": "$group", "medianVal": { "$median": { "input": "$dataVal2", "method": "approximate" } } } } ] }');
                                    document                                    
---------------------------------------------------------------------
 { "_id" : { "$numberInt" : "1" }, "medianVal" : { "$numberDouble" : "11.0" } }
(1 row)

-- contain decimal value
SELECT document FROM documentdb_api_catalog.bson_aggregation_pipeline('db', '{ "aggregate": "testPercentileAndMedian", "pipeline": [ { "$group": { "_id": "$group", "medianVal": { "$median": { "input": "$dataVal3", "method": "approximate" } } } } ] }');
                                    document                                     
---------------------------------------------------------------------
 { "_id" : { "$numberInt" : "1" }, "medianVal" : { "$numberDouble" : "111.0" } }
(1 row)

-- data value exceeds double range taken as infinity
SELECT document FROM documentdb_api_catalog.bson_aggregation_pipeline('db', '{ "aggregate": "testPercentileAndMedian", "pipeline": [ { "$group": { "_id": "$group", "medianVal": { "$median": { "input": "$dataVal4", "method": "approximate" } } } } ] }');
                                    document                                     
---------------------------------------------------------------------
 { "_id" : { "$numberInt" : "1" }, "medianVal" : { "$numberDouble" : "111.0" } }
(1 row)

-- handle NaN and Infinity values
SELECT document FROM documentdb_api_catalog.bson_aggregation_pipeline('db', '{ "aggregate": "testPercentileAndMedian", "pipeline": [ { "$group": { "_id": "$group", "medianVal": { "$median": { "input": "$dataVal5", "method": "approximate" } } } } ] }');
                                      document                                      
---------------------------------------------------------------------
 { "_id" : { "$numberInt" : "1" }, "medianVal" : { "$numberDouble" : "Infinity" } }
(1 row)

-- with $let
SELECT document FROM documentdb_api_catalog.bson_aggregation_pipeline('db', '{ "aggregate": "testPercentileAndMedian", "pipeline": [{"$group": {"_id": null,"medianVal": {"$median": {"input": "$$val","method": "approximate"}}}}], "let": {"val": 5}}');
                          document                           
---------------------------------------------------------------------
 { "_id" : null, "medianVal" : { "$numberDouble" : "5.0" } }
(1 row)

-- negative test case for percentile
-- invalid input document
SELECT document FROM documentdb_api_catalog.bson_aggregation_pipeline('db', '{ "aggregate": "testPercentileAndMedian", "pipeline": [ { "$group": { "_id": "$group", "percentileVal": { "$percentile": 1 } } } ] }');
ERROR:  Specification must be an object type, but instead received $percentile with type: int
-- unkonwn field in input document
SELECT document FROM documentdb_api_catalog.bson_aggregation_pipeline('db', '{ "aggregate": "testPercentileAndMedian", "pipeline": [ { "$group": { "_id": "$group", "percentileVal": { "$percentile": { "input": "$dataVal", "p": [ 0.95 ], "method": "approximate", "unknownField": "unknownValue" } } } } ] }');
ERROR:  The BSON field named with operators '$$percentile.unknownField' is not recognized.
-- p value not an array
SELECT document FROM documentdb_api_catalog.bson_aggregation_pipeline('db', '{ "aggregate": "testPercentileAndMedian", "pipeline": [ { "$group": { "_id": "$group", "percentileVal": { "$percentile": { "input": "$dataVal", "p": 1.5, "method": "approximate" } } } } ] }');
ERROR:  Expected an array containing numbers from 0.0 to 1.0, but instead received: 1.5
-- p value is an empty array
SELECT document FROM documentdb_api_catalog.bson_aggregation_pipeline('db', '{ "aggregate": "testPercentileAndMedian", "pipeline": [ { "$group": { "_id": "$group", "percentileVal": { "$percentile": { "input": "$dataVal", "p": [], "method": "approximate" } } } } ] }');
ERROR:  Expected an array containing numbers from 0.0 to 1.0, but instead received: [  ]
-- p value is an array with invalid value
SELECT document FROM documentdb_api_catalog.bson_aggregation_pipeline('db', '{ "aggregate": "testPercentileAndMedian", "pipeline": [ { "$group": { "_id": "$group", "percentileVal": { "$percentile": { "input": "$dataVal", "p": [ 1.5 ], "method": "approximate" } } } } ] }');
ERROR:  Expected an array containing numbers from 0.0 to 1.0, but instead received: 1.500000
-- invalid method
SELECT document FROM documentdb_api_catalog.bson_aggregation_pipeline('db', '{ "aggregate": "testPercentileAndMedian", "pipeline": [ { "$group": { "_id": "$group", "percentileVal": { "$percentile": { "input": "$dataVal", "p": [ 0.95 ], "method": "invalid" } } } } ] }');
ERROR:  Currently only 'approximate' can be used as percentile 'method'
-- missing input field
SELECT document FROM documentdb_api_catalog.bson_aggregation_pipeline('db', '{ "aggregate": "testPercentileAndMedian", "pipeline": [ { "$group": { "_id": "$group", "percentileVal": { "$percentile": { "p": [ 0.95 ], "method": "approximate" } } } } ] }');
ERROR:  The BSON field '$$percentile.input' is required but is currently missing from the data structure
-- missing p field
SELECT document FROM documentdb_api_catalog.bson_aggregation_pipeline('db', '{ "aggregate": "testPercentileAndMedian", "pipeline": [ { "$group": { "_id": "$group", "percentileVal": { "$percentile": { "input": "$dataVal", "method": "approximate" } } } } ] }');
ERROR:  The BSON field '$$percentile.p' is required but is currently missing from the data structure
-- missing method field
SELECT document FROM documentdb_api_catalog.bson_aggregation_pipeline('db', '{ "aggregate": "testPercentileAndMedian", "pipeline": [ { "$group": { "_id": "$group", "percentileVal": { "$percentile": { "input": "$dataVal", "p": [ 0.95 ] } } } } ] }');
ERROR:  The BSON field '$$percentile.method' is required but is currently missing from the data structure
-- negative test case for median
-- invalid input document
SELECT document FROM documentdb_api_catalog.bson_aggregation_pipeline('db', '{ "aggregate": "testPercentileAndMedian", "pipeline": [ { "$group": { "_id": "$group", "medianVal": { "$median": 1 } } } ] }');
ERROR:  Specification must be an object type, but instead received $median with type: int
-- unkonwn field in input document
SELECT document FROM documentdb_api_catalog.bson_aggregation_pipeline('db', '{ "aggregate": "testPercentileAndMedian", "pipeline": [ { "$group": { "_id": "$group", "medianVal": { "$median": { "input": "$dataVal", "method": "approximate", "unknownField": "unknownValue" } } } } ] }');
ERROR:  The BSON field named with operators '$$median.unknownField' is not recognized.
-- invalid method
SELECT document FROM documentdb_api_catalog.bson_aggregation_pipeline('db', '{ "aggregate": "testPercentileAndMedian", "pipeline": [ { "$group": { "_id": "$group", "medianVal": { "$median": { "input": "$dataVal", "method": "invalid" } } } } ] }');
ERROR:  Currently only 'approximate' can be used as percentile 'method'
-- missing input field
SELECT document FROM documentdb_api_catalog.bson_aggregation_pipeline('db', '{ "aggregate": "testPercentileAndMedian", "pipeline": [ { "$group": { "_id": "$group", "medianVal": { "$median": { "method": "approximate" } } } } ] }');
ERROR:  The BSON field '$$median.input' is required but is currently missing from the data structure
-- missing method field
SELECT document FROM documentdb_api_catalog.bson_aggregation_pipeline('db', '{ "aggregate": "testPercentileAndMedian", "pipeline": [ { "$group": { "_id": "$group", "medianVal": { "$median": { "input": "$dataVal" } } } } ] }');
ERROR:  The BSON field '$$median.method' is required but is currently missing from the data structure
/* shard collection */
SELECT documentdb_api.shard_collection('db', 'testPercentileAndMedian', '{ "_id": "hashed" }', false);
 shard_collection 
---------------------------------------------------------------------
 
(1 row)

-- percentile
SELECT document FROM documentdb_api_catalog.bson_aggregation_pipeline('db', '{ "aggregate": "testPercentileAndMedian", "pipeline": [ { "$group": { "_id": "$group", "percentileVal": { "$percentile": { "input": "$dataVal", "p": [ 0.95, 0.5 ], "method": "approximate" } } } } ] }');
                                                         document                                                         
---------------------------------------------------------------------
 { "_id" : { "$numberInt" : "1" }, "percentileVal" : [ { "$numberDouble" : "11111.0" }, { "$numberDouble" : "111.0" } ] }
(1 row)

-- median
SELECT document FROM documentdb_api_catalog.bson_aggregation_pipeline('db', '{ "aggregate": "testPercentileAndMedian", "pipeline": [ { "$group": { "_id": "$group", "medianVal": { "$median": { "input": "$dataVal", "method": "approximate" } } } } ] }');
                                    document                                     
---------------------------------------------------------------------
 { "_id" : { "$numberInt" : "1" }, "medianVal" : { "$numberDouble" : "111.0" } }
(1 row)

