SET search_path TO documentdb_api,documentdb_api_internal,documentdb_core;
SET citus.next_shard_id TO 300000;
SET documentdb.next_collection_id TO 3000;
SET documentdb.next_collection_index_id TO 3000;
-- insert int32
SELECT documentdb_api.insert_one('db','collection','{"_id":"1", "value": { "$numberInt" : "11" }, "valueMax": { "$numberInt" : "2147483647" }, "valueMin": { "$numberInt" : "-2147483648" }}', NULL);
NOTICE:  creating collection
                              insert_one                              
---------------------------------------------------------------------
 { "n" : { "$numberInt" : "1" }, "ok" : { "$numberDouble" : "1.0" } }
(1 row)

-- insert int64
SELECT documentdb_api.insert_one('db','collection','{"_id":"2", "value":{"$numberLong" : "134311"}, "valueMax": { "$numberLong" : "9223372036854775807" }, "valueMin": { "$numberLong" : "-9223372036854775808" }}', NULL);
                              insert_one                              
---------------------------------------------------------------------
 { "n" : { "$numberInt" : "1" }, "ok" : { "$numberDouble" : "1.0" } }
(1 row)

-- insert double
SELECT documentdb_api.insert_one('db','collection','{"_id":"3", "value":{"$numberDouble" : "0"}, "valueMax": { "$numberDouble" : "1.7976931348623157E+308" }, "valueMin": { "$numberDouble" : "-1.7976931348623157E+308" }, "valueEpsilon": { "$numberDouble": "4.94065645841247E-324"}, "valueinfinity": {"$numberDouble":"Infinity"}}', NULL);
                              insert_one                              
---------------------------------------------------------------------
 { "n" : { "$numberInt" : "1" }, "ok" : { "$numberDouble" : "1.0" } }
(1 row)

-- insert string
SELECT documentdb_api.insert_one('db','collection','{"_id":"4", "value": "Today is a very good day and I am happy."}', NULL);
                              insert_one                              
---------------------------------------------------------------------
 { "n" : { "$numberInt" : "1" }, "ok" : { "$numberDouble" : "1.0" } }
(1 row)

-- insert binary
SELECT documentdb_api.insert_one('db','collection','{"_id":"5", "value": {"$binary": { "base64": "SSBsb3ZlIE1pY3Jvc29mdA==", "subType": "02"}}}', NULL);
                              insert_one                              
---------------------------------------------------------------------
 { "n" : { "$numberInt" : "1" }, "ok" : { "$numberDouble" : "1.0" } }
(1 row)

-- minKey/maxKey
SELECT documentdb_api.insert_one('db','collection','{"_id":"6", "valueMin": { "$minKey": 1 }, "valueMax": { "$maxKey": 1 }}', NULL);
                              insert_one                              
---------------------------------------------------------------------
 { "n" : { "$numberInt" : "1" }, "ok" : { "$numberDouble" : "1.0" } }
(1 row)

-- oid, date, time
SELECT documentdb_api.insert_one('db','collection','{"_id":"7", "tsField": {"$timestamp":{"t":1565545664,"i":1}}, "dateBefore1970": {"$date":{"$numberLong":"-1577923200000"}}, "dateField": {"$date":{"$numberLong":"1565546054692"}}, "oidField": {"$oid":"5d505646cf6d4fe581014ab2"}}', NULL);
                              insert_one                              
---------------------------------------------------------------------
 { "n" : { "$numberInt" : "1" }, "ok" : { "$numberDouble" : "1.0" } }
(1 row)

-- array & nested object
SELECT documentdb_api.insert_one('db','collection','{"_id":"8","arrayOfObject":[{"bonjour":"bonjour"},{"ça va ?":"ça va !"},{"Qu''est-ce que tu as fait cette semaine ?":"rien"}]}', NULL);
                              insert_one                              
---------------------------------------------------------------------
 { "n" : { "$numberInt" : "1" }, "ok" : { "$numberDouble" : "1.0" } }
(1 row)

-- fetch all rows
SELECT shard_key_value, object_id, document FROM documentdb_api.collection('db', 'collection') ORDER BY 1,2,3;
 shard_key_value |  object_id   |                                                                                                                                                      document                                                                                                                                                      
---------------------------------------------------------------------
            3000 | { "" : "1" } | { "_id" : "1", "value" : { "$numberInt" : "11" }, "valueMax" : { "$numberInt" : "2147483647" }, "valueMin" : { "$numberInt" : "-2147483648" } }
            3000 | { "" : "2" } | { "_id" : "2", "value" : { "$numberLong" : "134311" }, "valueMax" : { "$numberLong" : "9223372036854775807" }, "valueMin" : { "$numberLong" : "-9223372036854775808" } }
            3000 | { "" : "3" } | { "_id" : "3", "value" : { "$numberDouble" : "0.0" }, "valueMax" : { "$numberDouble" : "1.7976931348623157081e+308" }, "valueMin" : { "$numberDouble" : "-1.7976931348623157081e+308" }, "valueEpsilon" : { "$numberDouble" : "4.9406564584124654418e-324" }, "valueinfinity" : { "$numberDouble" : "Infinity" } }
            3000 | { "" : "4" } | { "_id" : "4", "value" : "Today is a very good day and I am happy." }
            3000 | { "" : "5" } | { "_id" : "5", "value" : { "$binary" : { "base64" : "SSBsb3ZlIE1pY3Jvc29mdA==", "subType" : "02" } } }
            3000 | { "" : "6" } | { "_id" : "6", "valueMin" : { "$minKey" : 1 }, "valueMax" : { "$maxKey" : 1 } }
            3000 | { "" : "7" } | { "_id" : "7", "tsField" : { "$timestamp" : { "t" : 1565545664, "i" : 1 } }, "dateBefore1970" : { "$date" : { "$numberLong" : "-1577923200000" } }, "dateField" : { "$date" : { "$numberLong" : "1565546054692" } }, "oidField" : { "$oid" : "5d505646cf6d4fe581014ab2" } }
            3000 | { "" : "8" } | { "_id" : "8", "arrayOfObject" : [ { "bonjour" : "bonjour" }, { "ça va ?" : "ça va !" }, { "Qu'est-ce que tu as fait cette semaine ?" : "rien" } ] }
(8 rows)

-- project two fields out.
SELECT document->'_id', document->'value' FROM documentdb_api.collection('db', 'collection') ORDER BY object_id;
   ?column?   |                                       ?column?                                       
---------------------------------------------------------------------
 { "" : "1" } | { "" : { "$numberInt" : "11" } }
 { "" : "2" } | { "" : { "$numberLong" : "134311" } }
 { "" : "3" } | { "" : { "$numberDouble" : "0.0" } }
 { "" : "4" } | { "" : "Today is a very good day and I am happy." }
 { "" : "5" } | { "" : { "$binary" : { "base64" : "SSBsb3ZlIE1pY3Jvc29mdA==", "subType" : "02" } } }
 { "" : "6" } | 
 { "" : "7" } | 
 { "" : "8" } | 
(8 rows)

-- insert document with $ or . in the field path
SELECT documentdb_api.insert_one('db', 'collection', '{ "_id": 9, "$field": 1}');
                              insert_one                              
---------------------------------------------------------------------
 { "n" : { "$numberInt" : "1" }, "ok" : { "$numberDouble" : "1.0" } }
(1 row)

SELECT documentdb_api.insert_one('db', 'collection', '{ "_id": 10, "field": { "$subField": 1 } }');
                              insert_one                              
---------------------------------------------------------------------
 { "n" : { "$numberInt" : "1" }, "ok" : { "$numberDouble" : "1.0" } }
(1 row)

SELECT documentdb_api.insert_one('db', 'collection', '{ "_id": 11, "field": [ { "$subField": 1 } ] }');
                              insert_one                              
---------------------------------------------------------------------
 { "n" : { "$numberInt" : "1" }, "ok" : { "$numberDouble" : "1.0" } }
(1 row)

SELECT documentdb_api.insert_one('db', 'collection', '{ "_id": 12, ".field": 1}');
                              insert_one                              
---------------------------------------------------------------------
 { "n" : { "$numberInt" : "1" }, "ok" : { "$numberDouble" : "1.0" } }
(1 row)

SELECT documentdb_api.insert_one('db', 'collection', '{ "_id": 13, "fie.ld": 1}');
                              insert_one                              
---------------------------------------------------------------------
 { "n" : { "$numberInt" : "1" }, "ok" : { "$numberDouble" : "1.0" } }
(1 row)

SELECT documentdb_api.insert_one('db', 'collection', '{ "_id": 14, "field": { ".subField": 1 } }');
                              insert_one                              
---------------------------------------------------------------------
 { "n" : { "$numberInt" : "1" }, "ok" : { "$numberDouble" : "1.0" } }
(1 row)

SELECT documentdb_api.insert_one('db', 'collection', '{ "_id": 15, "field": { "sub.Field": 1 } }');
                              insert_one                              
---------------------------------------------------------------------
 { "n" : { "$numberInt" : "1" }, "ok" : { "$numberDouble" : "1.0" } }
(1 row)

SELECT documentdb_api.insert_one('db', 'collection', '{ "_id": 16, "field": [ { "sub.Field": 1 } ] }');
                              insert_one                              
---------------------------------------------------------------------
 { "n" : { "$numberInt" : "1" }, "ok" : { "$numberDouble" : "1.0" } }
(1 row)

/* Test to validate that _id field cannot have regex as it's value */
select documentdb_api.insert_one('db', 'bsontypetests', '{"_id": {"$regex": "^A", "$options": ""}}');
NOTICE:  creating collection
                                                                                                               insert_one                                                                                                               
---------------------------------------------------------------------
 { "n" : { "$numberInt" : "0" }, "ok" : { "$numberDouble" : "1.0" }, "writeErrors" : [ { "index" : { "$numberInt" : "0" }, "code" : { "$numberInt" : "16777245" }, "errmsg" : "The '_id' field value must not be a type of regex" } ] }
(1 row)

/* Test _id cannot have nested paths with $ */
SELECT documentdb_api.insert_one('db', 'bsontypetests', '{ "_id": { "a": 2, "$c": 3 } }');
                                                                                                                             insert_one                                                                                                                             
---------------------------------------------------------------------
 { "n" : { "$numberInt" : "0" }, "ok" : { "$numberDouble" : "1.0" }, "writeErrors" : [ { "index" : { "$numberInt" : "0" }, "code" : { "$numberInt" : "385875997" }, "errmsg" : "_id fields may not contain '$'-prefixed fields: $c is not valid for storage." } ] }
(1 row)

/* Test to validate that _id field cannot have array as it's value */
select documentdb_api.insert_one('db', 'bsontypetests', '{"_id": [1]}');
                                                                                                               insert_one                                                                                                               
---------------------------------------------------------------------
 { "n" : { "$numberInt" : "0" }, "ok" : { "$numberDouble" : "1.0" }, "writeErrors" : [ { "index" : { "$numberInt" : "0" }, "code" : { "$numberInt" : "16777245" }, "errmsg" : "The '_id' field value must not be a type of array" } ] }
(1 row)

-- assert object_id matches the '_id' from the content - should be numRows.
SELECT COUNT(*) FROM documentdb_api.collection('db', 'collection') where object_id::bson = bson_get_value(document, '_id');
 count 
---------------------------------------------------------------------
    16
(1 row)

\copy documentdb_data.documents_3000 to 'test.bin' with (format 'binary')
CREATE TABLE tmp_documentdb_data_documents_3000 (LIKE documentdb_data.documents_3000);
\copy tmp_documentdb_data_documents_3000 from 'test.bin' with (format 'binary')
-- verify that all records are same after serialization/deserialization
SELECT COUNT(*)=0 FROM (
    (TABLE documentdb_data.documents_3000 EXCEPT TABLE tmp_documentdb_data_documents_3000)
    UNION
    (TABLE tmp_documentdb_data_documents_3000 EXCEPT TABLE documentdb_data.documents_3000)
) q;
 ?column? 
---------------------------------------------------------------------
 t
(1 row)

-- verify output via hex strings and json
BEGIN;
set local documentdb_core.bsonUseEJson TO true;
SELECT document FROM documentdb_api.collection('db', 'collection') ORDER BY document -> '_id';
                                                                                                                                                      document                                                                                                                                                      
---------------------------------------------------------------------
 { "_id" : { "$numberInt" : "9" }, "$field" : { "$numberInt" : "1" } }
 { "_id" : { "$numberInt" : "10" }, "field" : { "$subField" : { "$numberInt" : "1" } } }
 { "_id" : { "$numberInt" : "11" }, "field" : [ { "$subField" : { "$numberInt" : "1" } } ] }
 { "_id" : { "$numberInt" : "12" }, ".field" : { "$numberInt" : "1" } }
 { "_id" : { "$numberInt" : "13" }, "fie.ld" : { "$numberInt" : "1" } }
 { "_id" : { "$numberInt" : "14" }, "field" : { ".subField" : { "$numberInt" : "1" } } }
 { "_id" : { "$numberInt" : "15" }, "field" : { "sub.Field" : { "$numberInt" : "1" } } }
 { "_id" : { "$numberInt" : "16" }, "field" : [ { "sub.Field" : { "$numberInt" : "1" } } ] }
 { "_id" : "1", "value" : { "$numberInt" : "11" }, "valueMax" : { "$numberInt" : "2147483647" }, "valueMin" : { "$numberInt" : "-2147483648" } }
 { "_id" : "2", "value" : { "$numberLong" : "134311" }, "valueMax" : { "$numberLong" : "9223372036854775807" }, "valueMin" : { "$numberLong" : "-9223372036854775808" } }
 { "_id" : "3", "value" : { "$numberDouble" : "0.0" }, "valueMax" : { "$numberDouble" : "1.7976931348623157081e+308" }, "valueMin" : { "$numberDouble" : "-1.7976931348623157081e+308" }, "valueEpsilon" : { "$numberDouble" : "4.9406564584124654418e-324" }, "valueinfinity" : { "$numberDouble" : "Infinity" } }
 { "_id" : "4", "value" : "Today is a very good day and I am happy." }
 { "_id" : "5", "value" : { "$binary" : { "base64" : "SSBsb3ZlIE1pY3Jvc29mdA==", "subType" : "02" } } }
 { "_id" : "6", "valueMin" : { "$minKey" : 1 }, "valueMax" : { "$maxKey" : 1 } }
 { "_id" : "7", "tsField" : { "$timestamp" : { "t" : 1565545664, "i" : 1 } }, "dateBefore1970" : { "$date" : { "$numberLong" : "-1577923200000" } }, "dateField" : { "$date" : { "$numberLong" : "1565546054692" } }, "oidField" : { "$oid" : "5d505646cf6d4fe581014ab2" } }
 { "_id" : "8", "arrayOfObject" : [ { "bonjour" : "bonjour" }, { "ça va ?" : "ça va !" }, { "Qu'est-ce que tu as fait cette semaine ?" : "rien" } ] }
(16 rows)

ROLLBACK;
BEGIN;
set local documentdb_core.bsonUseEJson TO false;
SELECT document FROM documentdb_api.collection('db', 'collection') ORDER BY document -> '_id';
                                                                                                                                                           document                                                                                                                                                            
---------------------------------------------------------------------
 BSONHEX1a000000105f6964000900000010246669656c64000100000000
 BSONHEX29000000105f6964000a000000036669656c64001400000010247375624669656c6400010000000000
 BSONHEX31000000105f6964000b000000046669656c64001c0000000330001400000010247375624669656c640001000000000000
 BSONHEX1a000000105f6964000c000000102e6669656c64000100000000
 BSONHEX1a000000105f6964000d000000106669652e6c64000100000000
 BSONHEX29000000105f6964000e000000036669656c640014000000102e7375624669656c6400010000000000
 BSONHEX29000000105f6964000f000000036669656c640014000000107375622e4669656c6400010000000000
 BSONHEX31000000105f69640010000000046669656c64001c00000003300014000000107375622e4669656c640001000000000000
 BSONHEX37000000025f6964000200000031001076616c7565000b0000001076616c75654d617800ffffff7f1076616c75654d696e000000008000
 BSONHEX43000000025f6964000200000032001276616c756500a70c0200000000001276616c75654d617800ffffffffffffff7f1276616c75654d696e00000000000000008000
 BSONHEX70000000025f6964000200000033000176616c75650000000000000000000176616c75654d617800ffffffffffffef7f0176616c75654d696e00ffffffffffffefff0176616c7565457073696c6f6e0001000000000000000176616c7565696e66696e69747900000000000000f07f00
 BSONHEX44000000025f6964000200000034000276616c75650029000000546f6461792069732061207665727920676f6f642064617920616e64204920616d2068617070792e0000
 BSONHEX30000000025f6964000200000035000576616c75650014000000021000000049206c6f7665204d6963726f736f667400
 BSONHEX24000000025f696400020000003600ff76616c75654d696e007f76616c75654d61780000
 BSONHEX62000000025f6964000200000037001174734669656c640001000000c054505d09646174654265666f7265313937300000bc729c90feffff09646174654669656c64002404d1816c010000076f69644669656c64005d505646cf6d4fe581014ab200
 BSONHEX9b000000025f6964000200000038000461727261794f664f626a656374007c0000000330001a00000002626f6e6a6f75720008000000626f6e6a6f757200000331001c00000002c3a761207661203f0009000000c3a7612076612021000003320038000000025175276573742d63652071756520747520617320666169742063657474652073656d61696e65203f00050000007269656e00000000
(16 rows)

ROLLBACK;
BEGIN;
set local documentdb_core.bsonUseEJson TO true;
SELECT bson_hex_to_bson(bson_to_bson_hex(document)) FROM documentdb_api.collection('db', 'collection') ORDER BY document -> '_id';
                                                                                                                                                  bson_hex_to_bson                                                                                                                                                  
---------------------------------------------------------------------
 { "_id" : { "$numberInt" : "9" }, "$field" : { "$numberInt" : "1" } }
 { "_id" : { "$numberInt" : "10" }, "field" : { "$subField" : { "$numberInt" : "1" } } }
 { "_id" : { "$numberInt" : "11" }, "field" : [ { "$subField" : { "$numberInt" : "1" } } ] }
 { "_id" : { "$numberInt" : "12" }, ".field" : { "$numberInt" : "1" } }
 { "_id" : { "$numberInt" : "13" }, "fie.ld" : { "$numberInt" : "1" } }
 { "_id" : { "$numberInt" : "14" }, "field" : { ".subField" : { "$numberInt" : "1" } } }
 { "_id" : { "$numberInt" : "15" }, "field" : { "sub.Field" : { "$numberInt" : "1" } } }
 { "_id" : { "$numberInt" : "16" }, "field" : [ { "sub.Field" : { "$numberInt" : "1" } } ] }
 { "_id" : "1", "value" : { "$numberInt" : "11" }, "valueMax" : { "$numberInt" : "2147483647" }, "valueMin" : { "$numberInt" : "-2147483648" } }
 { "_id" : "2", "value" : { "$numberLong" : "134311" }, "valueMax" : { "$numberLong" : "9223372036854775807" }, "valueMin" : { "$numberLong" : "-9223372036854775808" } }
 { "_id" : "3", "value" : { "$numberDouble" : "0.0" }, "valueMax" : { "$numberDouble" : "1.7976931348623157081e+308" }, "valueMin" : { "$numberDouble" : "-1.7976931348623157081e+308" }, "valueEpsilon" : { "$numberDouble" : "4.9406564584124654418e-324" }, "valueinfinity" : { "$numberDouble" : "Infinity" } }
 { "_id" : "4", "value" : "Today is a very good day and I am happy." }
 { "_id" : "5", "value" : { "$binary" : { "base64" : "SSBsb3ZlIE1pY3Jvc29mdA==", "subType" : "02" } } }
 { "_id" : "6", "valueMin" : { "$minKey" : 1 }, "valueMax" : { "$maxKey" : 1 } }
 { "_id" : "7", "tsField" : { "$timestamp" : { "t" : 1565545664, "i" : 1 } }, "dateBefore1970" : { "$date" : { "$numberLong" : "-1577923200000" } }, "dateField" : { "$date" : { "$numberLong" : "1565546054692" } }, "oidField" : { "$oid" : "5d505646cf6d4fe581014ab2" } }
 { "_id" : "8", "arrayOfObject" : [ { "bonjour" : "bonjour" }, { "ça va ?" : "ça va !" }, { "Qu'est-ce que tu as fait cette semaine ?" : "rien" } ] }
(16 rows)

ROLLBACK;
BEGIN;
-- test that hex strings can be coerced to bson (bson_in accepts both)
set local documentdb_core.bsonUseEJson TO true;
SELECT bson_to_bson_hex(document)::text::bson FROM documentdb_api.collection('db', 'collection') ORDER BY document -> '_id';
                                                                                                                                                  bson_to_bson_hex                                                                                                                                                  
---------------------------------------------------------------------
 { "_id" : { "$numberInt" : "9" }, "$field" : { "$numberInt" : "1" } }
 { "_id" : { "$numberInt" : "10" }, "field" : { "$subField" : { "$numberInt" : "1" } } }
 { "_id" : { "$numberInt" : "11" }, "field" : [ { "$subField" : { "$numberInt" : "1" } } ] }
 { "_id" : { "$numberInt" : "12" }, ".field" : { "$numberInt" : "1" } }
 { "_id" : { "$numberInt" : "13" }, "fie.ld" : { "$numberInt" : "1" } }
 { "_id" : { "$numberInt" : "14" }, "field" : { ".subField" : { "$numberInt" : "1" } } }
 { "_id" : { "$numberInt" : "15" }, "field" : { "sub.Field" : { "$numberInt" : "1" } } }
 { "_id" : { "$numberInt" : "16" }, "field" : [ { "sub.Field" : { "$numberInt" : "1" } } ] }
 { "_id" : "1", "value" : { "$numberInt" : "11" }, "valueMax" : { "$numberInt" : "2147483647" }, "valueMin" : { "$numberInt" : "-2147483648" } }
 { "_id" : "2", "value" : { "$numberLong" : "134311" }, "valueMax" : { "$numberLong" : "9223372036854775807" }, "valueMin" : { "$numberLong" : "-9223372036854775808" } }
 { "_id" : "3", "value" : { "$numberDouble" : "0.0" }, "valueMax" : { "$numberDouble" : "1.7976931348623157081e+308" }, "valueMin" : { "$numberDouble" : "-1.7976931348623157081e+308" }, "valueEpsilon" : { "$numberDouble" : "4.9406564584124654418e-324" }, "valueinfinity" : { "$numberDouble" : "Infinity" } }
 { "_id" : "4", "value" : "Today is a very good day and I am happy." }
 { "_id" : "5", "value" : { "$binary" : { "base64" : "SSBsb3ZlIE1pY3Jvc29mdA==", "subType" : "02" } } }
 { "_id" : "6", "valueMin" : { "$minKey" : 1 }, "valueMax" : { "$maxKey" : 1 } }
 { "_id" : "7", "tsField" : { "$timestamp" : { "t" : 1565545664, "i" : 1 } }, "dateBefore1970" : { "$date" : { "$numberLong" : "-1577923200000" } }, "dateField" : { "$date" : { "$numberLong" : "1565546054692" } }, "oidField" : { "$oid" : "5d505646cf6d4fe581014ab2" } }
 { "_id" : "8", "arrayOfObject" : [ { "bonjour" : "bonjour" }, { "ça va ?" : "ça va !" }, { "Qu'est-ce que tu as fait cette semaine ?" : "rien" } ] }
(16 rows)

ROLLBACK;
BEGIN;
set local documentdb_core.bsonUseEJson TO false;
SELECT COUNT(1) FROM documentdb_api.collection('db', 'collection') WHERE bson_hex_to_bson(bson_out(document)) != document;
 count 
---------------------------------------------------------------------
     0
(1 row)

ROLLBACK;
